--------- beginning of /dev/log/system
I/ActivityManager(  118): Starting activity: Intent { act=android.intent.action.MAIN cmp=com.htc.android.psclient/.RestoreUsbSettings } from pid 10229
W/InputManagerService(  118): [unbindCurrentClientLocked] Disable input method client.
W/InputManagerService(  118): [startInputLocked] Enable input method client.
D/InputManagerService(  118): Window already focused, ignoring focus gain of: com.android.internal.view.IInputMethodClient$Stub$Proxy@4064e1a0
D/InputManagerService(  118): Window already focused, ignoring focus gain of: com.android.internal.view.IInputMethodClient$Stub$Proxy@406a9da0
W/InputManagerService(  118): [unbindCurrentClientLocked] Disable input method client.
W/InputManagerService(  118): [startInputLocked] Enable input method client.
D/InputManagerService(  118): Starting input on non-focused client com.android.internal.view.IInputMethodClient$Stub$Proxy@40a38198 (uid=10009 pid=488)
D/StatusBarService(  265): updateIcon slot=data_connection index=18 viewIndex=12 old=StatusBarIcon(pkg=com.android.systemui id=0x7f020073 level=0 visible=true num=0 ) icon=StatusBarIcon(pkg=com.android.systemui id=0x7f0200a5 level=0 visible=true num=0 )
D/StatusBarService(  265): updateIcon slot=data_connection index=18 viewIndex=12 old=StatusBarIcon(pkg=com.android.systemui id=0x7f0200a5 level=0 visible=true num=0 ) icon=StatusBarIcon(pkg=com.android.systemui id=0x7f020073 level=0 visible=true num=0 )
D/StatusBarService(  265): updateIcon slot=battery index=21 viewIndex=14 old=StatusBarIcon(pkg=com.android.systemui id=0x108029e level=96 visible=true num=0 ) icon=StatusBarIcon(pkg=com.android.systemui id=0x108029e level=97 visible=true num=0 )
I/ActivityManager(  118): Starting activity: Intent { act=android.intent.action.MAIN cmp=com.htc.android.psclient/.RestoreUsbSettings } from pid 10229
W/InputManagerService(  118): [unbindCurrentClientLocked] Disable input method client.
W/InputManagerService(  118): [startInputLocked] Enable input method client.
W/InputManagerService(  118): [unbindCurrentClientLocked] Disable input method client.
W/InputManagerService(  118): [startInputLocked] Enable input method client.
D/InputManagerService(  118): Starting input on non-focused client com.android.internal.view.IInputMethodClient$Stub$Proxy@40a38198 (uid=10009 pid=488)
D/StatusBarService(  265): updateIcon slot=data_connection index=18 viewIndex=12 old=StatusBarIcon(pkg=com.android.systemui id=0x7f020073 level=0 visible=true num=0 ) icon=StatusBarIcon(pkg=com.android.systemui id=0x7f02009b level=0 visible=true num=0 )
D/StatusBarService(  265): updateIcon slot=data_connection index=18 viewIndex=12 old=StatusBarIcon(pkg=com.android.systemui id=0x7f02009b level=0 visible=true num=0 ) icon=StatusBarIcon(pkg=com.android.systemui id=0x7f020073 level=0 visible=true num=0 )
I/ActivityManager(  118): Starting activity: Intent { act=android.settings.SYNC_SETTINGS cmp=com.htc.settings.accountsync/.ManageAccountsSettings } from pid 10229
I/ActivityManager(  118): Start proc com.htc.settings.accountsync for activity com.htc.settings.accountsync/.ManageAccountsSettings: pid=10314 uid=1000 gids={3002, 3001, 3003, 1015, 2001, 1007}
W/InputManagerService(  118): [unbindCurrentClientLocked] Disable input method client.
W/InputManagerService(  118): [startInputLocked] Enable input method client.
W/InputManagerService(  118): [unbindCurrentClientLocked] Disable input method client.
W/InputManagerService(  118): [startInputLocked] Enable input method client.
D/InputManagerService(  118): Starting input on non-focused client com.android.internal.view.IInputMethodClient$Stub$Proxy@406e2198 (uid=1000 pid=10314)
I/ActivityManager(  118): Starting activity: Intent { act=android.intent.action.MAIN cmp=com.android.settings/.DisplaySettings } from pid 10229
I/ActivityManager(  118): Starting activity: Intent { act=android.intent.action.MAIN cmp=com.android.settings/.WirelessSettings } from pid 10229
V/ConnectivityService(  118): tetherEasEnabled:true
V/ConnectivityService(  118): tetherEasEnabled:true
V/ConnectivityService(  118): tetherEasEnabled:true
V/ConnectivityService(  118): tetherEasEnabled:true
D/ConnectivityService(  118): getMobileDataEnabled returning true
D/ConnectivityService(  118): getMobileDataEnabled returning true
D/ConnectivityService(  118): getMobileDataEnabled returning true
V/ConnectivityService(  118): tetherEasEnabled:true
D/StatusBarService(  265): updateIcon slot=data_connection index=18 viewIndex=12 old=StatusBarIcon(pkg=com.android.systemui id=0x7f020073 level=0 visible=true num=0 ) icon=StatusBarIcon(pkg=com.android.systemui id=0x7f02009b level=0 visible=true num=0 )
D/StatusBarPolicy(  265): onSignalStrengthsChanged
D/StatusBarService(  265): updateIcon slot=phone_signal index=20 viewIndex=13 old=StatusBarIcon(pkg=com.android.systemui id=0x7f0200c8 level=0 visible=true num=0 ) icon=StatusBarIcon(pkg=com.android.systemui id=0x7f0200c8 level=0 visible=true num=0 )
D/StatusBarService(  265): updateIcon slot=data_connection index=18 viewIndex=12 old=StatusBarIcon(pkg=com.android.systemui id=0x7f02009b level=0 visible=true num=0 ) icon=StatusBarIcon(pkg=com.android.systemui id=0x7f0200a5 level=0 visible=true num=0 )
D/StatusBarService(  265): updateIcon slot=data_connection index=18 viewIndex=12 old=StatusBarIcon(pkg=com.android.systemui id=0x7f0200a5 level=0 visible=true num=0 ) icon=StatusBarIcon(pkg=com.android.systemui id=0x7f020073 level=0 visible=true num=0 )
D/StatusBarService(  265): updateIcon slot=data_connection index=18 viewIndex=12 old=StatusBarIcon(pkg=com.android.systemui id=0x7f020073 level=0 visible=true num=0 ) icon=StatusBarIcon(pkg=com.android.systemui id=0x7f0200a5 level=0 visible=true num=0 )
D/StatusBarService(  265): updateIcon slot=data_connection index=18 viewIndex=12 old=StatusBarIcon(pkg=com.android.systemui id=0x7f0200a5 level=0 visible=true num=0 ) icon=StatusBarIcon(pkg=com.android.systemui id=0x7f020073 level=0 visible=true num=0 )
I/ActivityManager(  118): Starting activity: Intent { act=android.intent.action.MAIN cmp=com.android.settings/.ApplicationSettings } from pid 10229
D/StatusBarService(  265): updateIcon slot=data_connection index=18 viewIndex=12 old=StatusBarIcon(pkg=com.android.systemui id=0x7f020073 level=0 visible=true num=0 ) icon=StatusBarIcon(pkg=com.android.systemui id=0x7f02009b level=0 visible=true num=0 )
I/ActivityManager(  118): Starting activity: Intent { act=android.intent.action.MAIN cmp=com.android.settings/.DevelopmentSettings } from pid 10229
D/StatusBarService(  265): updateIcon slot=data_connection index=18 viewIndex=12 old=StatusBarIcon(pkg=com.android.systemui id=0x7f02009b level=0 visible=true num=0 ) icon=StatusBarIcon(pkg=com.android.systemui id=0x7f020073 level=0 visible=true num=0 )
D/SystemServer(  118): Set ADB enable=true
D/InputManagerService(  118): Window already focused, ignoring focus gain of: com.android.internal.view.IInputMethodClient$Stub$Proxy@407ee8f0
D/Vold    (   66): USB disconnected
D/Vold    (   66): Share method ums now unavailable
I/StorageNotification(  265): UMS connection changed to false (media state shared)
W/Vold    (   66): Ignoring unknown switch 'msm72k_udc'
W/MountService(  118): Disabling UMS after cable disconnect
D/VoldCmdListener(   66): volume unshare /mnt/sdcard ums
D/Vold    (   66): Volume sdcard state changing 7 (Shared-Unmounted) -> 1 (Idle-Unmounted)
I/StorageNotification(  265): Media {/mnt/sdcard} state changed from {shared} -> {unmounted}
D/VoldCmdListener(   66): volume shared /mnt/sdcard ums
D/VoldCmdListener(   66): volume mount /mnt/sdcard
I/Vold    (   66): /dev/block/vold/179:1 being considered for volume sdcard
D/Vold    (   66): Volume sdcard state changing 1 (Idle-Unmounted) -> 3 (Checking)
I/StorageNotification(  265): Media {/mnt/sdcard} state changed from {unmounted} -> {checking}
V/ConnectivityService(  118): tetherEasEnabled:true
V/ConnectivityService(  118): tetherEasEnabled:true
V/ConnectivityService(  118): tetherEasEnabled:true
W/Vold    (   66): Ignoring unknown switch 'msm72k_udc'
D/Vold    (   66): USB connected
D/Vold    (   66): Share method ums now available
I/StorageNotification(  265): UMS connection changed to true (media state checking)
D/StatusBarService(  265): addNotification notification = StatusBarNotification(package=android id=17040240 tag=null notification=Notification(vibrate=null,sound=null,defaults=0x0,flags=0x2)), key = android.os.BinderProxy@4060e220, fullScreenIntent = null, contentIntent = PendingIntent{405d77e8: android.os.BinderProxy@405af348}
I/Vold    (   66): Filesystem check completed OK
I/Vold    (   66): Device /dev/block/vold/179:1, target /mnt/sdcard mounted @ /mnt/secure/staging
D/Vold    (   66): Volume sdcard state changing 3 (Checking) -> 4 (Mounted)
I/StorageNotification(  265): Media {/mnt/sdcard} state changed from {checking} -> {mounted}
D/VoldCmdListener(   66): asec list
I/ActivityManager(  118): Start proc com.htc.widget.clockwidget for broadcast com.htc.widget.clockwidget/.SDMountListener: pid=10342 uid=9999 gids={3003, 1015, 3002, 3001}
I/ActivityManager(  118): Start proc com.htc.skinscanner for content provider com.htc.skinscanner/.SkinProvider: pid=10344 uid=10033 gids={}
W/PackageManager(  118): Unknown permission android.permission.ADD_SYSTEM_SERVICE in package com.android.phone
W/PackageManager(  118): Unknown permission com.tmobile.driving.permission.READ_DRIVING_MODE_SETTINGS in package com.android.phone
W/PackageManager(  118): Not granting permission android.permission.ACCESS_DRM to package com.htc.fm (protectionLevel=2 flags=0x8be65)
W/PackageManager(  118): Unknown permission android.permission.QUERY_DRM in package com.htc.android.mail
W/PackageManager(  118): Unknown permission com.google.android.providers.gmail.permission.READ_GMAIL in package com.htc.android.mail
W/PackageManager(  118): Unknown permission android.permission.BACKUP_DATA in package com.htc.android.mail
W/PackageManager(  118): Unknown permission android.permission.RECEIVE_EMAIL_NOTIFICATION in package com.htc.android.mail
W/PackageManager(  118): Not granting permission android.permission.ACCOUNT_MANAGER to package com.htc.htctwitter (protectionLevel=2 flags=0x8be45)
W/PackageManager(  118): Unknown permission android.permission.BACKUP_DATA in package com.htc.htctwitter
W/PackageManager(  118): Unknown permission android.permission.ACCESS_NETWORK_LOCATION in package com.htc.htclocationservice
W/PackageManager(  118): Unknown permission android.permission.ACCESS_LOCATION in package com.htc.htclocationservice
W/PackageManager(  118): Unknown permission android.permission.ACCESS_GPS in package com.htc.htclocationservice
W/PackageManager(  118): Unknown permission android.permission.ACCESS_ASSISTED_GPS in package com.htc.htclocationservice
W/PackageManager(  118): Unknown permission android.permission.RAISED_THREAD_PRIORITY in package com.android.mms
W/PackageManager(  118): Unknown permission android.permission.FULLSCREEN in package com.android.mms
W/PackageManager(  118): Unknown permission android.permission.BACKUP_DATA in package com.android.mms
W/PackageManager(  118): Unknown permission com.google.android.providers.gmail.permission.READ_GMAIL in package com.android.mms
W/PackageManager(  118): Not granting permission android.permission.ACCESS_DRM to package com.android.htccontacts (protectionLevel=2 flags=0x8be45)
W/PackageManager(  118): Unknown permission com.android.providers.im.permission.READ_ONLY in package com.android.htccontacts
W/PackageManager(  118): Unknown permission com.android.providers.im.permission.WRITE_ONLY in package com.android.htccontacts
W/PackageManager(  118): Unknown permission android.permission.ACCESS_LOCATION in package com.android.htccontacts
W/PackageManager(  118): Unknown permission android.permission.ACCESS_NETWORK_LOCATION in package com.android.htccontacts
W/PackageManager(  118): Unknown permission com.htc.socialnetwork.permission.useprovider in package com.android.htccontacts
W/PackageManager(  118): Unknown permission com.htc.permission.SOCIAL_NETWORK in package com.android.htccontacts
W/PackageManager(  118): Unknown permission com.android.providers.htccdma.Specific in package com.android.htccontacts
W/PackageManager(  118): Unknown permission com.fusionone.android.sync.permission.READ_WRITE_PROVIDERS in package com.android.htccontacts
W/PackageManager(  118): Unknown permission android.permission.ACCESS_DOWNLOAD_DATA in package com.android.updater
W/PackageManager(  118): Unknown permission android.permission.FOTA_UPDATE in package com.android.updater
W/PackageManager(  118): Unknown permission com.android.launcher.permission.READ_SETTINGS in package com.android.settings
W/PackageManager(  118): Unknown permission com.android.launcher.permission.WRITE_SETTINGS in package com.android.settings
W/PackageManager(  118): Unknown permission android.permission.ACCESS_ASSISTED_GPS in package com.htc.android.locationpicker
W/PackageManager(  118): Unknown permission android.permission.ACCESS_NETWORK_LOCATION in package com.htc.android.locationpicker
W/PackageManager(  118): Unknown permission android.permission.ACCESS_LOCATION in package com.htc.android.locationpicker
W/PackageManager(  118): Unknown permission android.permission.ACCESS_GPS in package com.htc.android.locationpicker
W/PackageManager(  118): Unknown permission android.permission.BACKUP_DATA in package com.htc.CustomizationSetup
W/PackageManager(  118): Unknown permission android.permission.BACKUP_DATA in package com.htc.socialnetwork.plurk
W/PackageManager(  118): Unknown permission com.android.providers.im.permission.READ_ONLY in package com.google.android.apps.maps
W/PackageManager(  118): Unknown permission android.permission.BACKUP_DATA in package com.htc.android.htcime
W/PackageManager(  118): Unknown permission com.htc.permission.WRITE_ULOG in package com.htc.launcher
W/PackageManager(  118): Unknown permission android.permission.ACCES_MOCK_LOCATION in package com.htc.skinpicker
W/PackageManager(  118): Unknown permission android.permission.BACKUP_DATA in package com.htc.UpgradeSetup
W/PackageManager(  118): Unknown permission com.android.providers.htccdma.Specific in package com.htc.android.htcsetupwizard
W/PackageManager(  118): Unknown permission com.htc.VzWBackupAssistantClient.PROVISION in package com.htc.android.htcsetupwizard
W/PackageManager(  118): Unknown permission com.orange.pushmail.Z7.permission.ACCESS_PROVIDER in package com.htc.android.htcsetupwizard
W/PackageManager(  118): Unknown permission com.google.android.apps.googlevoice.permission.AUTO_SEND in package com.google.android.voicesearch
W/PackageManager(  118): Not granting permission android.permission.WRITE_SECURE_SETTINGS to package com.whatsapp (protectionLevel=3 flags=0xbe44)
W/PackageManager(  118): Unknown permission com.htc.permission.SOCIAL_NETWORK in package com.htc.album
W/PackageManager(  118): Unknown permission android.permission.WRITE_OWNER_DATA in package com.htc.album
W/PackageManager(  118): Unknown permission com.htc.socialnetwork.permission.useprovider in package com.htc.album
W/PackageManager(  118): Unknown permission android.permission.BACKUP_DATA in package com.htc.album
W/PackageManager(  118): Unknown permission com.google.android.providers.gmail.permission.READ_GMAIL in package com.htc.album
W/PackageManager(  118): Unknown permission android.permission.INJECT_AUDIO_VOLUME_SETTINGS in package com.htc.album
W/PackageManager(  118): Not granting permission android.permission.CLEAR_APP_USER_DATA to package com.htc.htcsettingwidgets (protectionLevel=2 flags=0x8be45)
W/PackageManager(  118): Unknown permission android.permission.ACCESS_LOCATION in package com.htc.htcsettingwidgets
W/PackageManager(  118): Unknown permission android.permission.ACCESS_ASSISTED_GPS in package com.htc.htcsettingwidgets
W/PackageManager(  118): Unknown permission android.permission.ACCESS_NETWORK_LOCATION in package com.htc.htcsettingwidgets
W/PackageManager(  118): Unknown permission android.permission.ACCESS_GPS in package com.htc.htcsettingwidgets
W/PackageManager(  118): Unknown permission android.permission.READ_OWNER_DATA in package com.android.setupwizard
W/PackageManager(  118): Unknown permission android.permission.WRITE_OWNER_DATA in package com.android.setupwizard
W/PackageManager(  118): Not granting permission android.permission.BROADCAST_PACKAGE_REMOVED to package com.htc.recommend (protectionLevel=2 flags=0x8be45)
W/PackageManager(  118): Unknown permission android.webkit.permission.PLUGIN in package com.htc.flashliteplugin
W/PackageManager(  118): Unknown permission com.android.providers.htccdma.Specific in package com.android.htcdialer
W/PackageManager(  118): Unknown permission com.htc.socialnetwork.permission.useprovider in package com.android.providers.contacts
W/PackageManager(  118): Unknown permission com.htc.socialnetwork.permission.useprovider in package com.htc.providers.uploads
W/PackageManager(  118): Unknown permission com.android.launcher.permission.READ_SETTINGS in package com.htc.Weather
W/PackageManager(  118): Not granting permission android.permission.SEND_DOWNLOAD_COMPLETED_INTENTS to package com.android.vending (protectionLevel=2 flags=0xabe05)
W/PackageManager(  118): Unknown permission android.permission.SEND in package com.android.vending
W/PackageManager(  118): Unknown permission com.htc.socialnetwork.permission.useprovider in package com.htc.socialnetwork.facebook
W/PackageManager(  118): Unknown permission android.permission.BACKUP_DATA in package com.htc.socialnetwork.facebook
W/PackageManager(  118): Unknown permission com.htc.socialnetwork.permission.useprovider in package com.htc.socialnetwork.flickr
W/PackageManager(  118): Unknown permission android.permission.INJECT_AUDIO_VOLUME_SETTINGS in package com.android.camera
W/PackageManager(  118): Unknown permission com.android.email.permission.ACCESS_PROVIDER in package com.broadcom.bt.app.system
W/PackageManager(  118): Unknown permission android.permission.BACKUP_DATA in package com.htc.android.worldclock
I/ActivityManager(  118): No longer want com.htc.htcMessageUploader (pid 10037): hidden #16
I/ActivityManager(  118): Start proc com.htc.demoflopackageinstaller for broadcast com.htc.demoflopackageinstaller/.PIReceiver: pid=10356 uid=10022 gids={}
I/ActivityManager(  118): No longer want com.google.android.apps.uploader (pid 10045): hidden #16
I/ActivityManager(  118): No longer want com.google.android.gm (pid 9508): hidden #16
I/ActivityManager(  118): Start proc com.google.android.apps.uploader for broadcast com.google.android.apps.uploader/.ConnectivityBroadcastReceiver: pid=10366 uid=10067 gids={3003}
I/ActivityManager(  118): moveTaskToBack: 13
W/InputManagerService(  118): [unbindCurrentClientLocked] Disable input method client.
W/InputManagerService(  118): [startInputLocked] Enable input method client.
V/NotificationService(  118): Charging...
D/ConnectivityService(  118): getMobileDataEnabled returning true
D/ConnectivityService(  118): getMobileDataEnabled returning true
V/NotificationService(  118): Charging...
D/InputManagerService(  118): Window already focused, ignoring focus gain of: com.android.internal.view.IInputMethodClient$Stub$Proxy@40676670
D/StatusBarPolicy(  265): onSignalStrengthsChanged
D/StatusBarService(  265): updateIcon slot=phone_signal index=20 viewIndex=13 old=StatusBarIcon(pkg=com.android.systemui id=0x7f0200c8 level=0 visible=true num=0 ) icon=StatusBarIcon(pkg=com.android.systemui id=0x7f0200c8 level=0 visible=true num=0 )
D/StatusBarService(  265): updateIcon slot=data_connection index=18 viewIndex=12 old=StatusBarIcon(pkg=com.android.systemui id=0x7f020073 level=0 visible=true num=0 ) icon=StatusBarIcon(pkg=com.android.systemui id=0x7f02009b level=0 visible=true num=0 )
D/StatusBarService(  265): updateIcon slot=data_connection index=18 viewIndex=12 old=StatusBarIcon(pkg=com.android.systemui id=0x7f02009b level=0 visible=true num=0 ) icon=StatusBarIcon(pkg=com.android.systemui id=0x7f020073 level=0 visible=true num=0 )
D/StatusBarPolicy(  265): onSignalStrengthsChanged
D/StatusBarService(  265): updateIcon slot=phone_signal index=20 viewIndex=13 old=StatusBarIcon(pkg=com.android.systemui id=0x7f0200c8 level=0 visible=true num=0 ) icon=StatusBarIcon(pkg=com.android.systemui id=0x7f0200c8 level=0 visible=true num=0 )
D/StatusBarService(  265): updateIcon slot=data_connection index=18 viewIndex=12 old=StatusBarIcon(pkg=com.android.systemui id=0x7f020073 level=0 visible=true num=0 ) icon=StatusBarIcon(pkg=com.android.systemui id=0x7f02009b level=0 visible=true num=0 )
D/StatusBarService(  265): updateIcon slot=data_connection index=18 viewIndex=12 old=StatusBarIcon(pkg=com.android.systemui id=0x7f02009b level=0 visible=true num=0 ) icon=StatusBarIcon(pkg=com.android.systemui id=0x7f020073 level=0 visible=true num=0 )
D/StatusBarPolicy(  265): onSignalStrengthsChanged
D/StatusBarService(  265): updateIcon slot=phone_signal index=20 viewIndex=13 old=StatusBarIcon(pkg=com.android.systemui id=0x7f0200c8 level=0 visible=true num=0 ) icon=StatusBarIcon(pkg=com.android.systemui id=0x7f0200c8 level=0 visible=true num=0 )
D/StatusBarPolicy(  265): onSignalStrengthsChanged
D/StatusBarService(  265): updateIcon slot=phone_signal index=20 viewIndex=13 old=StatusBarIcon(pkg=com.android.systemui id=0x7f0200c8 level=0 visible=true num=0 ) icon=StatusBarIcon(pkg=com.android.systemui id=0x7f0200c6 level=0 visible=true num=0 )
D/AlarmManager(  118): ACTION_SCREEN_OFF
W/InputManagerService(  118): Receive : Intent.ACTION_SCREEN_OFF
W/InputManagerService(  118): Disable input method client.
D/ConnectivityService(  118): getMobileDataEnabled returning true
D/ConnectivityService(  118): getMobileDataEnabled returning true
D/StatusBarManagerService(  118): disable what =1, token = android.os.Binder@409b23d8, pkg = android, mBar = com.android.internal.statusbar.IStatusBar$Stub$Proxy@40771d50
D/ConnectivityService(  118): getMobileDataEnabled returning true
I/ActivityManager(  118): No longer want com.facebook.katana (pid 7086): hidden #16
I/ActivityManager(  118): No longer want com.htc.reportagent (pid 551): hidden #16
I/ActivityManager(  118): Start proc com.android.defcontainer for service com.android.defcontainer/.DefaultContainerService: pid=10397 uid=10066 gids={1015, 2001}
W/ActivityManager(  118): No content provider found for: 
D/VoldCmdListener(   66): asec list
D/VoldCmdListener(   66): asec create smdl2tmp1 5 fat {} 10066
I/Vold    (   66): Filesystem formatted OK
D/VoldCmdListener(   66): asec path smdl2tmp1
D/VoldCmdListener(   66): asec finalize smdl2tmp1
D/VoldCmdListener(   66): asec unmount smdl2tmp1 force
W/ActivityManager(  118): No content provider found for: 
D/VoldCmdListener(   66): asec mount smdl2tmp1 {} 1000
D/VoldCmdListener(   66): asec path smdl2tmp1
D/VoldCmdListener(   66): asec unmount smdl2tmp1 force
D/VoldCmdListener(   66): asec rename smdl2tmp1 org.umit.icm.mobile-1
W/PackageManager(  118): Mounting container org.umit.icm.mobile-1
D/VoldCmdListener(   66): asec mount org.umit.icm.mobile-1 {} 1000
D/VoldCmdListener(   66): asec path org.umit.icm.mobile-1
I/PackageManager(  118): Linking native library dir for /mnt/asec/org.umit.icm.mobile-1/pkg.apk
I/ActivityManager(  118): Force stopping package org.umit.icm.mobile uid=10073
W/PackageManager(  118): Not granting permission android.permission.UPDATE_DEVICE_STATS to package org.umit.icm.mobile (protectionLevel=3 flags=0x4be44)
I/ActivityManager(  118): Start proc com.htc.recommend for broadcast com.htc.recommend/.receiver.AppInstalledReceiver: pid=10434 uid=10020 gids={2001, 3003}
I/ActivityManager(  118): Start proc com.google.android.partnersetup for broadcast com.google.android.partnersetup/.AppInstalledReceiver: pid=10446 uid=10026 gids={}
I/ActivityManager(  118): Start proc com.htc.cs for broadcast com.htc.cs/.plugin.PluginRegisterReceiver: pid=10453 uid=10029 gids={3003, 1015}
I/ActivityManager(  118): Start proc com.htc.opensense for broadcast com.htc.opensense/.pluginmanager.RegisterReceiver: pid=10460 uid=10009 gids={3003, 1006, 1015, 2001}
I/ActivityManager(  118): Start proc com.svox.pico for broadcast com.svox.pico/.VoiceDataInstallerReceiver: pid=10469 uid=10057 gids={}
I/ActivityManager(  118): Start proc com.google.android.googlequicksearchbox for broadcast com.google.android.googlequicksearchbox/.CorporaUpdateReceiver: pid=10478 uid=10017 gids={3003}
D/Socket_Alarm(10478): registerHTCSocketMonitorCallBack
D/Socket_Alarm(10478): set mSocketMonitor
D/Socket_Alarm(10478): HTCSocketMonitorImpl::HTCSocketMonitorImpl
D/StatusBarService(  265): updateIcon slot=battery index=21 viewIndex=14 old=StatusBarIcon(pkg=com.android.systemui id=0x108029e level=97 visible=true num=0 ) icon=StatusBarIcon(pkg=com.android.systemui id=0x108029e level=98 visible=true num=0 )
D/PowerManagerService(  118): button light setOrientation:-1
D/AlarmManager(  118): ACTION_SCREEN_ON
W/InputManagerService(  118): Receive : Intent.ACTION_SCREEN_ON
W/InputManagerService(  118): Enable input method client.
D/ConnectivityService(  118): getMobileDataEnabled returning true
D/StatusBarPolicy(  265): onSignalStrengthsChanged
D/StatusBarService(  265): updateIcon slot=phone_signal index=20 viewIndex=13 old=StatusBarIcon(pkg=com.android.systemui id=0x7f0200c6 level=0 visible=true num=0 ) icon=StatusBarIcon(pkg=com.android.systemui id=0x7f0200c8 level=0 visible=true num=0 )
D/ConnectivityService(  118): getMobileDataEnabled returning true
D/ConnectivityService(  118): getMobileDataEnabled returning true
D/StatusBarManagerService(  118): disable what =0, token = android.os.Binder@409b23d8, pkg = android, mBar = com.android.internal.statusbar.IStatusBar$Stub$Proxy@40771d50
D/InputManagerService(  118): Window already focused, ignoring focus gain of: com.android.internal.view.IInputMethodClient$Stub$Proxy@40817ba8
D/StatusBarPolicy(  265): onSignalStrengthsChanged
D/StatusBarService(  265): updateIcon slot=phone_signal index=20 viewIndex=13 old=StatusBarIcon(pkg=com.android.systemui id=0x7f0200c8 level=0 visible=true num=0 ) icon=StatusBarIcon(pkg=com.android.systemui id=0x7f0200c8 level=0 visible=true num=0 )
D/StatusBarService(  265): updateIcon slot=data_connection index=18 viewIndex=12 old=StatusBarIcon(pkg=com.android.systemui id=0x7f020073 level=0 visible=true num=0 ) icon=StatusBarIcon(pkg=com.android.systemui id=0x7f0200a5 level=0 visible=true num=0 )
D/StatusBarService(  265): updateIcon slot=data_connection index=18 viewIndex=12 old=StatusBarIcon(pkg=com.android.systemui id=0x7f0200a5 level=0 visible=true num=0 ) icon=StatusBarIcon(pkg=com.android.systemui id=0x7f020073 level=0 visible=true num=0 )
D/StatusBarService(  265): updateIcon slot=data_connection index=18 viewIndex=12 old=StatusBarIcon(pkg=com.android.systemui id=0x7f020073 level=0 visible=true num=0 ) icon=StatusBarIcon(pkg=com.android.systemui id=0x7f020091 level=0 visible=true num=0 )
D/StatusBarService(  265): updateIcon slot=data_connection index=18 viewIndex=12 old=StatusBarIcon(pkg=com.android.systemui id=0x7f020091 level=0 visible=true num=0 ) icon=StatusBarIcon(pkg=com.android.systemui id=0x7f020073 level=0 visible=true num=0 )
I/ActivityManager(  118): Starting activity: Intent { act=android.intent.action.MAIN cat=[android.intent.category.LAUNCHER] flg=0x10200000 cmp=org.umit.icm.mobile/.gui.BugReportActivity } from pid 422
I/ActivityManager(  118): Start proc org.umit.icm.mobile for activity org.umit.icm.mobile/.gui.BugReportActivity: pid=10488 uid=10073 gids={3003, 1015}
D/StatusBarService(  265): updateIcon slot=data_connection index=18 viewIndex=12 old=StatusBarIcon(pkg=com.android.systemui id=0x7f020073 level=0 visible=true num=0 ) icon=StatusBarIcon(pkg=com.android.systemui id=0x7f0200a5 level=0 visible=true num=0 )
D/StatusBarPolicy(  265): onSignalStrengthsChanged
D/StatusBarService(  265): updateIcon slot=phone_signal index=20 viewIndex=13 old=StatusBarIcon(pkg=com.android.systemui id=0x7f0200c8 level=0 visible=true num=0 ) icon=StatusBarIcon(pkg=com.android.systemui id=0x7f0200c8 level=0 visible=true num=0 )
W/InputManagerService(  118): [unbindCurrentClientLocked] Disable input method client.
W/InputManagerService(  118): [startInputLocked] Enable input method client.
D/StatusBarService(  265): updateIcon slot=data_connection index=18 viewIndex=12 old=StatusBarIcon(pkg=com.android.systemui id=0x7f0200a5 level=0 visible=true num=0 ) icon=StatusBarIcon(pkg=com.android.systemui id=0x7f02009b level=0 visible=true num=0 )
D/StatusBarService(  265): updateIcon slot=data_connection index=18 viewIndex=12 old=StatusBarIcon(pkg=com.android.systemui id=0x7f02009b level=0 visible=true num=0 ) icon=StatusBarIcon(pkg=com.android.systemui id=0x7f020073 level=0 visible=true num=0 )
D/StatusBarPolicy(  265): onSignalStrengthsChanged
D/StatusBarService(  265): updateIcon slot=phone_signal index=20 viewIndex=13 old=StatusBarIcon(pkg=com.android.systemui id=0x7f0200c8 level=0 visible=true num=0 ) icon=StatusBarIcon(pkg=com.android.systemui id=0x7f0200c8 level=0 visible=true num=0 )
D/StatusBarPolicy(  265): onSignalStrengthsChanged
D/StatusBarService(  265): updateIcon slot=phone_signal index=20 viewIndex=13 old=StatusBarIcon(pkg=com.android.systemui id=0x7f0200c8 level=0 visible=true num=0 ) icon=StatusBarIcon(pkg=com.android.systemui id=0x7f0200c8 level=0 visible=true num=0 )
D/StatusBarPolicy(  265): onSignalStrengthsChanged
D/StatusBarService(  265): updateIcon slot=phone_signal index=20 viewIndex=13 old=StatusBarIcon(pkg=com.android.systemui id=0x7f0200c8 level=0 visible=true num=0 ) icon=StatusBarIcon(pkg=com.android.systemui id=0x7f0200c8 level=0 visible=true num=0 )
D/StatusBarService(  265): updateIcon slot=data_connection index=18 viewIndex=12 old=StatusBarIcon(pkg=com.android.systemui id=0x7f020073 level=0 visible=true num=0 ) icon=StatusBarIcon(pkg=com.android.systemui id=0x7f0200a5 level=0 visible=true num=0 )
D/StatusBarPolicy(  265): onSignalStrengthsChanged
D/StatusBarService(  265): updateIcon slot=phone_signal index=20 viewIndex=13 old=StatusBarIcon(pkg=com.android.systemui id=0x7f0200c8 level=0 visible=true num=0 ) icon=StatusBarIcon(pkg=com.android.systemui id=0x7f0200c8 level=0 visible=true num=0 )
D/StatusBarService(  265): updateIcon slot=data_connection index=18 viewIndex=12 old=StatusBarIcon(pkg=com.android.systemui id=0x7f0200a5 level=0 visible=true num=0 ) icon=StatusBarIcon(pkg=com.android.systemui id=0x7f02009b level=0 visible=true num=0 )
D/StatusBarService(  265): updateIcon slot=data_connection index=18 viewIndex=12 old=StatusBarIcon(pkg=com.android.systemui id=0x7f02009b level=0 visible=true num=0 ) icon=StatusBarIcon(pkg=com.android.systemui id=0x7f020091 level=0 visible=true num=0 )
D/StatusBarService(  265): updateIcon slot=data_connection index=18 viewIndex=12 old=StatusBarIcon(pkg=com.android.systemui id=0x7f020091 level=0 visible=true num=0 ) icon=StatusBarIcon(pkg=com.android.systemui id=0x7f02009b level=0 visible=true num=0 )
D/StatusBarService(  265): updateIcon slot=data_connection index=18 viewIndex=12 old=StatusBarIcon(pkg=com.android.systemui id=0x7f02009b level=0 visible=true num=0 ) icon=StatusBarIcon(pkg=com.android.systemui id=0x7f020073 level=0 visible=true num=0 )
D/StatusBarService(  265): updateIcon slot=data_connection index=18 viewIndex=12 old=StatusBarIcon(pkg=com.android.systemui id=0x7f020073 level=0 visible=true num=0 ) icon=StatusBarIcon(pkg=com.android.systemui id=0x7f02009b level=0 visible=true num=0 )
D/StatusBarService(  265): updateIcon slot=data_connection index=18 viewIndex=12 old=StatusBarIcon(pkg=com.android.systemui id=0x7f02009b level=0 visible=true num=0 ) icon=StatusBarIcon(pkg=com.android.systemui id=0x7f020073 level=0 visible=true num=0 )
I/WindowManager(  118): Setting rotation to 1, animFlags=0
D/PowerManagerService(  118): button light setOrientation:1
I/ActivityManager(  118): Config changed: { scale=1.0 imsi=404/49 loc=en_IN touch=3 keys=1/1/2 nav=1/1 orien=2 layout=18 uiMode=17 seq=55 skin=default}
V/NotificationService(  118): Charging...
D/NotificationService(  118): cancelNotification, ACTION_NOTIFICATION_REMOVE,pkg=android,id=17040240
D/StatusBarService(  265): addNotification notification = StatusBarNotification(package=android id=17040240 tag=null notification=Notification(vibrate=null,sound=null,defaults=0x0,flags=0x2)), key = android.os.BinderProxy@40649170, fullScreenIntent = null, contentIntent = PendingIntent{405d3f58: android.os.BinderProxy@405af348}
D/StatusBarService(  265): updateIcon slot=data_connection index=18 viewIndex=12 old=StatusBarIcon(pkg=com.android.systemui id=0x7f020073 level=0 visible=true num=0 ) icon=StatusBarIcon(pkg=com.android.systemui id=0x7f0200a5 level=0 visible=true num=0 )
I/ActivityManager(  118): No longer want com.htc.demoflopackageinstaller (pid 10356): hidden #16
I/ActivityManager(  118): No longer want com.htc.widget.clockwidget (pid 10342): hidden #16
I/ActivityManager(  118): No longer want com.htc.skinpicker (pid 10261): hidden #16
D/StatusBarPolicy(  265): onSignalStrengthsChanged
D/StatusBarService(  265): updateIcon slot=phone_signal index=20 viewIndex=13 old=StatusBarIcon(pkg=com.android.systemui id=0x7f0200c8 level=0 visible=true num=0 ) icon=StatusBarIcon(pkg=com.android.systemui id=0x7f0200c8 level=0 visible=true num=0 )
D/StatusBarService(  265): updateIcon slot=data_connection index=18 viewIndex=12 old=StatusBarIcon(pkg=com.android.systemui id=0x7f0200a5 level=0 visible=true num=0 ) icon=StatusBarIcon(pkg=com.android.systemui id=0x7f020091 level=0 visible=true num=0 )
D/StatusBarService(  265): updateIcon slot=data_connection index=18 viewIndex=12 old=StatusBarIcon(pkg=com.android.systemui id=0x7f020091 level=0 visible=true num=0 ) icon=StatusBarIcon(pkg=com.android.systemui id=0x7f020073 level=0 visible=true num=0 )
D/StatusBarPolicy(  265): onSignalStrengthsChanged
D/StatusBarService(  265): updateIcon slot=phone_signal index=20 viewIndex=13 old=StatusBarIcon(pkg=com.android.systemui id=0x7f0200c8 level=0 visible=true num=0 ) icon=StatusBarIcon(pkg=com.android.systemui id=0x7f0200c8 level=0 visible=true num=0 )
D/StatusBarPolicy(  265): onSignalStrengthsChanged
D/StatusBarService(  265): updateIcon slot=phone_signal index=20 viewIndex=13 old=StatusBarIcon(pkg=com.android.systemui id=0x7f0200c8 level=0 visible=true num=0 ) icon=StatusBarIcon(pkg=com.android.systemui id=0x7f0200c8 level=0 visible=true num=0 )
D/StatusBarPolicy(  265): onSignalStrengthsChanged
D/StatusBarService(  265): updateIcon slot=phone_signal index=20 viewIndex=13 old=StatusBarIcon(pkg=com.android.systemui id=0x7f0200c8 level=0 visible=true num=0 ) icon=StatusBarIcon(pkg=com.android.systemui id=0x7f0200c8 level=0 visible=true num=0 )
D/StatusBarPolicy(  265): onSignalStrengthsChanged
D/StatusBarService(  265): updateIcon slot=phone_signal index=20 viewIndex=13 old=StatusBarIcon(pkg=com.android.systemui id=0x7f0200c8 level=0 visible=true num=0 ) icon=StatusBarIcon(pkg=com.android.systemui id=0x7f0200c8 level=0 visible=true num=0 )
D/StatusBarPolicy(  265): onSignalStrengthsChanged
D/StatusBarService(  265): updateIcon slot=phone_signal index=20 viewIndex=13 old=StatusBarIcon(pkg=com.android.systemui id=0x7f0200c8 level=0 visible=true num=0 ) icon=StatusBarIcon(pkg=com.android.systemui id=0x7f0200ca level=0 visible=true num=0 )
D/AlarmManager(  118): ACTION_SCREEN_OFF
W/InputManagerService(  118): Receive : Intent.ACTION_SCREEN_OFF
W/InputManagerService(  118): Disable input method client.
D/StatusBarManagerService(  118): disable what =1, token = android.os.Binder@409b23d8, pkg = android, mBar = com.android.internal.statusbar.IStatusBar$Stub$Proxy@40771d50
D/ConnectivityService(  118): getMobileDataEnabled returning true
D/ConnectivityService(  118): getMobileDataEnabled returning true
I/WindowManager(  118): Setting rotation to 0, animFlags=1
D/PowerManagerService(  118): button light setOrientation:0
D/ConnectivityService(  118): getMobileDataEnabled returning true
I/ActivityManager(  118): Config changed: { scale=1.0 imsi=404/49 loc=en_IN touch=3 keys=1/1/2 nav=1/1 orien=1 layout=18 uiMode=17 seq=56 skin=default}
V/NotificationService(  118): Charging...
D/NotificationService(  118): cancelNotification, ACTION_NOTIFICATION_REMOVE,pkg=android,id=17040240
D/StatusBarService(  265): addNotification notification = StatusBarNotification(package=android id=17040240 tag=null notification=Notification(vibrate=null,sound=null,defaults=0x0,flags=0x2)), key = android.os.BinderProxy@40612f00, fullScreenIntent = null, contentIntent = PendingIntent{40613060: android.os.BinderProxy@405af348}
W/AlarmManager(  118): RXTXtriggerAlarmsLocked
D/StatusBarService(  265): updateIcon slot=battery index=21 viewIndex=14 old=StatusBarIcon(pkg=com.android.systemui id=0x108029e level=98 visible=true num=0 ) icon=StatusBarIcon(pkg=com.android.systemui id=0x108029e level=99 visible=true num=0 )
D/PowerManagerService(  118): button light setOrientation:-1
D/AlarmManager(  118): ACTION_SCREEN_ON
W/InputManagerService(  118): Receive : Intent.ACTION_SCREEN_ON
W/InputManagerService(  118): Enable input method client.
D/StatusBarPolicy(  265): onSignalStrengthsChanged
D/StatusBarService(  265): updateIcon slot=phone_signal index=20 viewIndex=13 old=StatusBarIcon(pkg=com.android.systemui id=0x7f0200ca level=0 visible=true num=0 ) icon=StatusBarIcon(pkg=com.android.systemui id=0x7f0200c8 level=0 visible=true num=0 )
D/ConnectivityService(  118): getMobileDataEnabled returning true
D/ConnectivityService(  118): getMobileDataEnabled returning true
D/ConnectivityService(  118): getMobileDataEnabled returning true
D/StatusBarManagerService(  118): disable what =0, token = android.os.Binder@409b23d8, pkg = android, mBar = com.android.internal.statusbar.IStatusBar$Stub$Proxy@40771d50
D/StatusBarService(  265): updateIcon slot=data_connection index=18 viewIndex=12 old=StatusBarIcon(pkg=com.android.systemui id=0x7f020073 level=0 visible=true num=0 ) icon=StatusBarIcon(pkg=com.android.systemui id=0x7f0200a5 level=0 visible=true num=0 )
D/StatusBarPolicy(  265): onSignalStrengthsChanged
D/StatusBarService(  265): updateIcon slot=phone_signal index=20 viewIndex=13 old=StatusBarIcon(pkg=com.android.systemui id=0x7f0200c8 level=0 visible=true num=0 ) icon=StatusBarIcon(pkg=com.android.systemui id=0x7f0200c8 level=0 visible=true num=0 )
D/StatusBarService(  265): updateIcon slot=data_connection index=18 viewIndex=12 old=StatusBarIcon(pkg=com.android.systemui id=0x7f0200a5 level=0 visible=true num=0 ) icon=StatusBarIcon(pkg=com.android.systemui id=0x7f020073 level=0 visible=true num=0 )
D/StatusBarService(  265): updateIcon slot=data_connection index=18 viewIndex=12 old=StatusBarIcon(pkg=com.android.systemui id=0x7f020073 level=0 visible=true num=0 ) icon=StatusBarIcon(pkg=com.android.systemui id=0x7f020091 level=0 visible=true num=0 )
D/StatusBarService(  265): updateIcon slot=data_connection index=18 viewIndex=12 old=StatusBarIcon(pkg=com.android.systemui id=0x7f020091 level=0 visible=true num=0 ) icon=StatusBarIcon(pkg=com.android.systemui id=0x7f020073 level=0 visible=true num=0 )
D/StatusBarPolicy(  265): onSignalStrengthsChanged
D/StatusBarService(  265): updateIcon slot=phone_signal index=20 viewIndex=13 old=StatusBarIcon(pkg=com.android.systemui id=0x7f0200c8 level=0 visible=true num=0 ) icon=StatusBarIcon(pkg=com.android.systemui id=0x7f0200c8 level=0 visible=true num=0 )
W/InputManagerService(  118): [unbindCurrentClientLocked] Disable input method client.
W/InputManagerService(  118): [startInputLocked] Enable input method client.
D/StatusBarPolicy(  265): onSignalStrengthsChanged
D/StatusBarService(  265): updateIcon slot=phone_signal index=20 viewIndex=13 old=StatusBarIcon(pkg=com.android.systemui id=0x7f0200c8 level=0 visible=true num=0 ) icon=StatusBarIcon(pkg=com.android.systemui id=0x7f0200c8 level=0 visible=true num=0 )
I/ActivityManager(  118): Starting activity: Intent { act=android.intent.action.MAIN cat=[android.intent.category.LAUNCHER] flg=0x10200000 cmp=org.umit.icm.mobile/.gui.BugReportActivity } from pid 422
D/StatusBarService(  265): updateIcon slot=data_connection index=18 viewIndex=12 old=StatusBarIcon(pkg=com.android.systemui id=0x7f020073 level=0 visible=true num=0 ) icon=StatusBarIcon(pkg=com.android.systemui id=0x7f0200a5 level=0 visible=true num=0 )
W/InputManagerService(  118): [unbindCurrentClientLocked] Disable input method client.
W/InputManagerService(  118): [startInputLocked] Enable input method client.
D/StatusBarService(  265): updateIcon slot=data_connection index=18 viewIndex=12 old=StatusBarIcon(pkg=com.android.systemui id=0x7f0200a5 level=0 visible=true num=0 ) icon=StatusBarIcon(pkg=com.android.systemui id=0x7f020091 level=0 visible=true num=0 )
D/StatusBarService(  265): updateIcon slot=data_connection index=18 viewIndex=12 old=StatusBarIcon(pkg=com.android.systemui id=0x7f020091 level=0 visible=true num=0 ) icon=StatusBarIcon(pkg=com.android.systemui id=0x7f020073 level=0 visible=true num=0 )
D/StatusBarPolicy(  265): onSignalStrengthsChanged
D/StatusBarService(  265): updateIcon slot=phone_signal index=20 viewIndex=13 old=StatusBarIcon(pkg=com.android.systemui id=0x7f0200c8 level=0 visible=true num=0 ) icon=StatusBarIcon(pkg=com.android.systemui id=0x7f0200c8 level=0 visible=true num=0 )
D/StatusBarService(  265): updateIcon slot=data_connection index=18 viewIndex=12 old=StatusBarIcon(pkg=com.android.systemui id=0x7f020073 level=0 visible=true num=0 ) icon=StatusBarIcon(pkg=com.android.systemui id=0x7f02009b level=0 visible=true num=0 )
V/NotificationService(  118): Battery Full, Charging
D/StatusBarService(  265): updateIcon slot=battery index=21 viewIndex=14 old=StatusBarIcon(pkg=com.android.systemui id=0x108029e level=99 visible=true num=0 ) icon=StatusBarIcon(pkg=com.android.systemui id=0x1080296 level=100 visible=true num=0 )
D/StatusBarPolicy(  265): onSignalStrengthsChanged
D/StatusBarService(  265): updateIcon slot=phone_signal index=20 viewIndex=13 old=StatusBarIcon(pkg=com.android.systemui id=0x7f0200c8 level=0 visible=true num=0 ) icon=StatusBarIcon(pkg=com.android.systemui id=0x7f0200c8 level=0 visible=true num=0 )
D/StatusBarService(  265): updateIcon slot=data_connection index=18 viewIndex=12 old=StatusBarIcon(pkg=com.android.systemui id=0x7f02009b level=0 visible=true num=0 ) icon=StatusBarIcon(pkg=com.android.systemui id=0x7f020073 level=0 visible=true num=0 )
D/StatusBarPolicy(  265): onSignalStrengthsChanged
D/StatusBarService(  265): updateIcon slot=phone_signal index=20 viewIndex=13 old=StatusBarIcon(pkg=com.android.systemui id=0x7f0200c8 level=0 visible=true num=0 ) icon=StatusBarIcon(pkg=com.android.systemui id=0x7f0200c8 level=0 visible=true num=0 )
D/StatusBarService(  265): updateIcon slot=data_connection index=18 viewIndex=12 old=StatusBarIcon(pkg=com.android.systemui id=0x7f020073 level=0 visible=true num=0 ) icon=StatusBarIcon(pkg=com.android.systemui id=0x7f02009b level=0 visible=true num=0 )
D/StatusBarService(  265): updateIcon slot=data_connection index=18 viewIndex=12 old=StatusBarIcon(pkg=com.android.systemui id=0x7f02009b level=0 visible=true num=0 ) icon=StatusBarIcon(pkg=com.android.systemui id=0x7f020073 level=0 visible=true num=0 )
D/StatusBarPolicy(  265): onSignalStrengthsChanged
D/StatusBarService(  265): updateIcon slot=phone_signal index=20 viewIndex=13 old=StatusBarIcon(pkg=com.android.systemui id=0x7f0200c8 level=0 visible=true num=0 ) icon=StatusBarIcon(pkg=com.android.systemui id=0x7f0200ca level=0 visible=true num=0 )
D/StatusBarPolicy(  265): onSignalStrengthsChanged
D/StatusBarService(  265): updateIcon slot=phone_signal index=20 viewIndex=13 old=StatusBarIcon(pkg=com.android.systemui id=0x7f0200ca level=0 visible=true num=0 ) icon=StatusBarIcon(pkg=com.android.systemui id=0x7f0200ca level=0 visible=true num=0 )
D/AlarmManager(  118): ACTION_SCREEN_OFF
W/InputManagerService(  118): Receive : Intent.ACTION_SCREEN_OFF
W/InputManagerService(  118): Disable input method client.
D/StatusBarManagerService(  118): disable what =1, token = android.os.Binder@409b23d8, pkg = android, mBar = com.android.internal.statusbar.IStatusBar$Stub$Proxy@40771d50
D/ConnectivityService(  118): getMobileDataEnabled returning true
D/ConnectivityService(  118): getMobileDataEnabled returning true
D/ConnectivityService(  118): getMobileDataEnabled returning true
D/StatusBarService(  265): updateIcon slot=battery index=21 viewIndex=14 old=StatusBarIcon(pkg=com.android.systemui id=0x1080296 level=100 visible=true num=0 ) icon=StatusBarIcon(pkg=com.android.systemui id=0x1080296 level=100 visible=true num=0 )
I/ActivityManager(  118): Start proc com.google.android.apps.maps for service com.google.android.apps.maps/com.google.googlenav.prefetch.android.PrefetcherService: pid=10513 uid=10054 gids={3003, 1015}
D/Socket_Alarm(10513): registerHTCSocketMonitorCallBack
D/Socket_Alarm(10513): set mSocketMonitor
D/Socket_Alarm(10513): HTCSocketMonitorImpl::HTCSocketMonitorImpl
W/AlarmManager(  118): RXTXtriggerAlarmsLocked
I/ActivityManager(  118): Start proc com.htc.googlereader for broadcast com.htc.googlereader/.background.BackgroundReceiver: pid=10532 uid=9994 gids={3003, 1015}
W/ActivityManager(  118): finishReceiver called but no pending broadcasts
D/ConnectivityService(  118): reportNetworkCondition(0, 0)by 337/10021
D/ConnectivityService(  118): Inet connectivity change, net=0, condition=0,mActiveDefaultNetwork=0
D/ConnectivityService(  118): starting a change hold
D/ConnectivityService(  118): Inet hold end, net=0, condition =0, published condition =100
D/StatusBarService(  265): updateIcon slot=data_connection index=18 viewIndex=12 old=StatusBarIcon(pkg=com.android.systemui id=0x7f020073 level=0 visible=true num=0 ) icon=StatusBarIcon(pkg=com.android.systemui id=0x7f020073 level=0 visible=true num=0 )
D/StatusBarService(  265): updateIcon slot=phone_signal index=20 viewIndex=13 old=StatusBarIcon(pkg=com.android.systemui id=0x7f0200ca level=0 visible=true num=0 ) icon=StatusBarIcon(pkg=com.android.systemui id=0x7f0200ca level=0 visible=true num=0 )
W/ActivityManager(  118): No content provider found for: 
D/VoldCmdListener(   66): asec list
D/VoldCmdListener(   66): asec create smdl2tmp1 5 fat {} 10066
I/Vold    (   66): Filesystem formatted OK
D/VoldCmdListener(   66): asec path smdl2tmp1
D/VoldCmdListener(   66): asec finalize smdl2tmp1
D/VoldCmdListener(   66): asec unmount smdl2tmp1 force
W/ActivityManager(  118): No content provider found for: 
D/VoldCmdListener(   66): asec mount smdl2tmp1 {} 1000
D/VoldCmdListener(   66): asec path smdl2tmp1
D/VoldCmdListener(   66): asec unmount smdl2tmp1 force
D/VoldCmdListener(   66): asec rename smdl2tmp1 org.umit.icm.mobile-2
W/PackageManager(  118): Mounting container org.umit.icm.mobile-2
D/VoldCmdListener(   66): asec mount org.umit.icm.mobile-2 {} 1000
D/VoldCmdListener(   66): asec path org.umit.icm.mobile-2
I/ActivityManager(  118): Force stopping package org.umit.icm.mobile uid=10073
I/ActivityManager(  118):   Force finishing activity HistoryRecord{405c85b0 org.umit.icm.mobile/.gui.BugReportActivity}
I/WindowManager(  118): WINDOW DIED Window{405ea700 org.umit.icm.mobile/org.umit.icm.mobile.gui.BugReportActivity paused=true}
I/PackageManager(  118): Package org.umit.icm.mobile codePath changed from /mnt/asec/org.umit.icm.mobile-1/pkg.apk to /mnt/asec/org.umit.icm.mobile-2/pkg.apk; Retaining data and using new
I/PackageManager(  118): Linking native library dir for /mnt/asec/org.umit.icm.mobile-2/pkg.apk
I/ActivityManager(  118): Force stopping package org.umit.icm.mobile uid=10073
W/PackageManager(  118): Code path for pkg : org.umit.icm.mobile changing from /mnt/asec/org.umit.icm.mobile-1/pkg.apk to /mnt/asec/org.umit.icm.mobile-2/pkg.apk
W/PackageManager(  118): Resource path for pkg : org.umit.icm.mobile changing from /mnt/asec/org.umit.icm.mobile-1/pkg.apk to /mnt/asec/org.umit.icm.mobile-2/pkg.apk
--------- beginning of /dev/log/main
I/[POST_RESELECT](  422): [spanChange] (o, oldStart, newStart, oldEnd, newEnd)=(android.text.Selection$END@40140ac8,-1,0,-1,0)
I/[POST_RESELECT](  422): [spanChange] (o, oldStart, newStart, oldEnd, newEnd)=(android.text.Selection$START@401033e8,-1,0,-1,0)
I/[POST_RESELECT](  422): [spanChange] (o, oldStart, newStart, oldEnd, newEnd)=(android.text.Selection$END@40140ac8,-1,0,-1,0)
I/installd(   75): move /data/dalvik-cache/mnt@asec@org.umit.icm.mobile-2@pkg.apk@classes.dex -> /data/dalvik-cache/mnt@asec@org.umit.icm.mobile-2@pkg.apk@classes.dex
D/PackageManager(  118): New package installed in /mnt/asec/org.umit.icm.mobile-2/pkg.apk
W/PackageManager(  118): Not granting permission android.permission.UPDATE_DEVICE_STATS to package org.umit.icm.mobile (protectionLevel=3 flags=0x4be44)
I/ActivityManager(  118): Force stopping package org.umit.icm.mobile uid=10073
D/CarouselDummyActivity(  422): CarouselDummyActivity.onResume: tab_downloaded
D/dalvikvm(  118): GC_EXPLICIT freed 901K, 41% free 8202K/13895K, external 667K/1179K, paused 313ms
D/PhoneApp(  279): -- PackageChangeBroadcastReceiver  action = android.intent.action.PACKAGE_REMOVED
I/RosieUtility(10252): disable self killer: mEnabled=1
D/dalvikvm(  118): GC_EXPLICIT freed 25K, 41% free 8199K/13895K, external 667K/1179K, paused 341ms
D/PhoneApp(  279): -- PackageChangeBroadcastReceiver  action = android.intent.action.PACKAGE_ADDED
D/dalvikvm(  118): GC_EXPLICIT freed 39K, 42% free 8195K/13895K, external 667K/1179K, paused 308ms
D/VoldCmdListener(   66): asec unmount org.umit.icm.mobile-1 force
W/Vold    (   66): org.umit.icm.mobile-1 unmount attempt 1 failed (Device or resource busy)
I/RosieUtility(10252): enable self killer: mEnabled=0
D/HtcWidgetScanner(10252): action - android.intent.action.PACKAGE_REMOVED
I/RosieUtility(10252): disable self killer: mEnabled=1
D/HtcWidgetScanner(10252): packageUid - 10073
D/William (  422): - refreshUsageStatCache -
