D/vicky   (10453): vicky received: android.intent.action.PACKAGE_REMOVED
W/ActivityManager(  118): Activity pause timeout for HistoryRecord{40800550 com.htc.launcher/.Launcher}
I/RegisterService(10460): android.intent.action.PACKAGE_REMOVED package:org.umit.icm.mobile
I/RosieUtility(10252): enable self killer: mEnabled=0
I/[POST_RESELECT](  422): [spanChange] (o, oldStart, newStart, oldEnd, newEnd)=(android.text.Selection$START@401033e8,-1,0,-1,0)
I/[POST_RESELECT](  422): [spanChange] (o, oldStart, newStart, oldEnd, newEnd)=(android.text.Selection$END@40140ac8,-1,0,-1,0)
I/[POST_RESELECT](  422): [spanChange] (o, oldStart, newStart, oldEnd, newEnd)=(android.text.Selection$START@401033e8,-1,0,-1,0)
I/[POST_RESELECT](  422): [spanChange] (o, oldStart, newStart, oldEnd, newEnd)=(android.text.Selection$END@40140ac8,-1,0,-1,0)
E/ProcessKiller(   66): Process android.process.acore (282) has open file /mnt/asec/org.umit.icm.mobile-1/pkg.apk
I/RosieUtility(10252): disable self killer: mEnabled=1
D/vending ( 4992): [86] LocalAssetCache.updateOnePackage(): No local info for org.umit.icm.mobile
I/RosieUtility(10252): enable self killer: mEnabled=0
D/HomeLoaders(  422): get install or remove message so do change adapter
D/HtcWidgetScanner(10252): action - android.intent.action.PACKAGE_ADDED
I/RosieUtility(10252): disable self killer: mEnabled=1
D/HtcWidgetScanner(10252): packageUid - 10073
I/RosieUtility(10252): enable self killer: mEnabled=0
D/HomeLoaders(  422): get install or remove message so do change adapter
D/vicky   (10453): vicky received: android.intent.action.PACKAGE_ADDED
D/PhoneApp(  279): EVENT_QUERY_MO_PACKAGES
D/PhoneApp(  279): -- N1 =0
I/RegisterService(10460): android.intent.action.PACKAGE_ADDED package:org.umit.icm.mobile
D/vending ( 4992): [88] LocalAssetCache.updateOnePackage(): No local info for org.umit.icm.mobile
I/ActivityManager(  118): Start proc com.google.android.apps.maps:FriendService for broadcast com.google.android.apps.maps/com.google.googlenav.friend.android.ServiceReceiver: pid=10593 uid=10054 gids={3003, 1015}
I/ActivityManager(  118): No longer want com.htc.sdm (pid 10245): hidden #16
D/PhoneApp(  279): -- N2 =0
D/CarouselDummyActivity(  422): CarouselDummyActivity.onResume: tab_downloaded
D/William (  422): - refreshUsageStatCache -
I/[POST_RESELECT](  422): [spanChange] (o, oldStart, newStart, oldEnd, newEnd)=(android.text.Selection$START@401033e8,-1,0,-1,0)
I/[POST_RESELECT](  422): [spanChange] (o, oldStart, newStart, oldEnd, newEnd)=(android.text.Selection$END@40140ac8,-1,0,-1,0)
I/[POST_RESELECT](  422): [spanChange] (o, oldStart, newStart, oldEnd, newEnd)=(android.text.Selection$START@401033e8,-1,0,-1,0)
I/[POST_RESELECT](  422): [spanChange] (o, oldStart, newStart, oldEnd, newEnd)=(android.text.Selection$END@40140ac8,-1,0,-1,0)
D/dalvikvm(10593): GC_CONCURRENT freed 134K, 46% free 3087K/5639K, external 0K/0K, paused 16ms+11ms
I/RegisterService(10460): android.intent.action.PACKAGE_REPLACED package:org.umit.icm.mobile
D/PhoneApp(  279): -- N3 =0
W/ResourceType(  656): getEntry failing because entryIndex 179 is beyond type entryCount 125
W/ActivityManager(  118): Activity pause timeout for HistoryRecord{40800550 com.htc.launcher/.Launcher}
W/ResourceType(  656): Failure getting entry for 0x7f0200b3 (t=1 e=179) in package 0 (error -2147483647)
D/Socket_Alarm(10593): registerHTCSocketMonitorCallBack
D/Socket_Alarm(10593): set mSocketMonitor
D/Socket_Alarm(10593): HTCSocketMonitorImpl::HTCSocketMonitorImpl
W/ResourceType(  656): getEntry failing because entryIndex 603 is beyond type entryCount 125
W/ResourceType(  656): Failure getting entry for 0x7f02025b (t=1 e=603) in package 0 (error -2147483647)
W/Vold    (   66): org.umit.icm.mobile-1 unmount attempt 2 failed (Device or resource busy)
I/ActivityManager(  118): No longer want com.android.settings (pid 10229): hidden #16
I/PackageManager(  118):  setEnabledSetting(), pkgName=com.google.android.apps.maps, clsName=com.google.android.maps.driveabout.app.DestinationActivity, state=1, flag=1, pid=10593, uid=10054
I/ActivityManager(  118): No longer want com.google.android.googlequicksearchbox (pid 10478): hidden #16
W/ContentService(  118): binderDied() at ObserverNode name com.google.android.gsf.gservices
E/JavaBinder(  118): !!! FAILED BINDER TRANSACTION !!!
E/ProcessKiller(   66): Process android.process.acore (282) has open file /mnt/asec/org.umit.icm.mobile-1/pkg.apk
I/WindowManager(  118): WIN DEATH: Window{40990a38 com.android.settings/com.android.settings.framework.activity.HtcSettings paused=false}
W/ResourceType(  656): getEntry failing because entryIndex 179 is beyond type entryCount 125
D/CarouselDummyActivity(  422): CarouselDummyActivity.onResume: tab_downloaded
D/William (  422): - refreshUsageStatCache -
W/ResourceType(  656): Failure getting entry for 0x7f0200b3 (t=1 e=179) in package 0 (error -2147483647)
W/ResourceType(  656): getEntry failing because entryIndex 603 is beyond type entryCount 125
W/ResourceType(  656): Failure getting entry for 0x7f02025b (t=1 e=603) in package 0 (error -2147483647)
D/dalvikvm(10593): GC_CONCURRENT freed 115K, 43% free 3493K/6087K, external 0K/0K, paused 9ms+214ms
I/[POST_RESELECT](  422): [spanChange] (o, oldStart, newStart, oldEnd, newEnd)=(android.text.Selection$START@401033e8,-1,0,-1,0)
I/[POST_RESELECT](  422): [spanChange] (o, oldStart, newStart, oldEnd, newEnd)=(android.text.Selection$END@40140ac8,-1,0,-1,0)
I/[POST_RESELECT](  422): [spanChange] (o, oldStart, newStart, oldEnd, newEnd)=(android.text.Selection$START@401033e8,-1,0,-1,0)
I/[POST_RESELECT](  422): [spanChange] (o, oldStart, newStart, oldEnd, newEnd)=(android.text.Selection$END@40140ac8,-1,0,-1,0)
W/ResourceType(  656): getEntry failing because entryIndex 179 is beyond type entryCount 125
W/ResourceType(  656): Failure getting entry for 0x7f0200b3 (t=1 e=179) in package 0 (error -2147483647)
W/ResourceType(  656): getEntry failing because entryIndex 603 is beyond type entryCount 125
W/ResourceType(  656): Failure getting entry for 0x7f02025b (t=1 e=603) in package 0 (error -2147483647)
W/ResourceType(  656): getEntry failing because entryIndex 179 is beyond type entryCount 125
W/ResourceType(  656): Failure getting entry for 0x7f0200b3 (t=1 e=179) in package 0 (error -2147483647)
W/ResourceType(  656): getEntry failing because entryIndex 603 is beyond type entryCount 125
W/ResourceType(  656): Failure getting entry for 0x7f02025b (t=1 e=603) in package 0 (error -2147483647)
W/ResourceType(  656): getEntry failing because entryIndex 179 is beyond type entryCount 125
W/ResourceType(  656): Failure getting entry for 0x7f0200b3 (t=1 e=179) in package 0 (error -2147483647)
W/ResourceType(  656): getEntry failing because entryIndex 603 is beyond type entryCount 125
W/ResourceType(  656): Failure getting entry for 0x7f02025b (t=1 e=603) in package 0 (error -2147483647)
W/ResourceType(  656): getEntry failing because entryIndex 179 is beyond type entryCount 125
W/ResourceType(  656): Failure getting entry for 0x7f0200b3 (t=1 e=179) in package 0 (error -2147483647)
W/ResourceType(  656): getEntry failing because entryIndex 603 is beyond type entryCount 125
W/ResourceType(  656): Failure getting entry for 0x7f02025b (t=1 e=603) in package 0 (error -2147483647)
W/ResourceType(  656): getEntry failing because entryIndex 179 is beyond type entryCount 125
W/ResourceType(  656): Failure getting entry for 0x7f0200b3 (t=1 e=179) in package 0 (error -2147483647)
W/ResourceType(  656): getEntry failing because entryIndex 603 is beyond type entryCount 125
W/ResourceType(  656): Failure getting entry for 0x7f02025b (t=1 e=603) in package 0 (error -2147483647)
W/ResourceType(  656): getEntry failing because entryIndex 179 is beyond type entryCount 125
W/ResourceType(  656): Failure getting entry for 0x7f0200b3 (t=1 e=179) in package 0 (error -2147483647)
W/ResourceType(  656): getEntry failing because entryIndex 603 is beyond type entryCount 125
W/ResourceType(  656): Failure getting entry for 0x7f02025b (t=1 e=603) in package 0 (error -2147483647)
W/ResourceType(  656): getEntry failing because entryIndex 179 is beyond type entryCount 125
W/ResourceType(  656): Failure getting entry for 0x7f0200b3 (t=1 e=179) in package 0 (error -2147483647)
W/ResourceType(  656): getEntry failing because entryIndex 603 is beyond type entryCount 125
W/ResourceType(  656): Failure getting entry for 0x7f02025b (t=1 e=603) in package 0 (error -2147483647)
W/ResourceType(  656): getEntry failing because entryIndex 179 is beyond type entryCount 125
W/ResourceType(  656): Failure getting entry for 0x7f0200b3 (t=1 e=179) in package 0 (error -2147483647)
W/ResourceType(  656): getEntry failing because entryIndex 603 is beyond type entryCount 125
W/ResourceType(  656): Failure getting entry for 0x7f02025b (t=1 e=603) in package 0 (error -2147483647)
W/Vold    (   66): org.umit.icm.mobile-1 unmount attempt 3 failed (Device or resource busy)
E/ProcessKiller(   66): Process android.process.acore (282) has open file /mnt/asec/org.umit.icm.mobile-1/pkg.apk
W/ProcessKiller(   66): Sending SIGHUP to process 282
W/ContentService(  118): binderDied() at ObserverNode name com.android.contacts
I/Process (  118): Sending signal. PID: 656 SIG: 9
I/ActivityManager(  118): Process android.process.acore (pid 282) has died.
W/ActivityManager(  118): Scheduling restart of crashed service com.android.htcdialer/.DialerService in 5000ms
I/ActivityManager(  118): Kill com.android.htccontacts (pid 656): provider com.android.providers.contacts.HtcContactsProvider2 in dying process android.process.acore
I/ActivityManager(  118): Kill com.android.htccontacts (pid 656): provider com.android.providers.contacts.CallLogProvider in dying process android.process.acore
I/WindowManager(  118): WIN DEATH: Window{40632250 com.android.htcdialer/com.android.htcdialer.Dialer paused=false}
W/ContentService(  118): binderDied() at ObserverNode name com.android.contacts
W/ContentService(  118): binderDied() at ObserverNode name com.android.contacts
W/ContentService(  118): binderDied() at ObserverNode name system
W/ContentService(  118): binderDied() at ObserverNode name com.android.contacts
W/ContentService(  118): binderDied() at ObserverNode name com.android.contacts
W/ContentService(  118): binderDied() at ObserverNode name com.android.contacts
W/ContentService(  118): binderDied() at ObserverNode name com.android.contacts
W/ContentService(  118): binderDied() at ObserverNode name com.android.contacts
W/ContentService(  118): binderDied() at ObserverNode name com.android.contacts
W/ContentService(  118): binderDied() at ObserverNode name com.android.contacts
W/ContentService(  118): binderDied() at ObserverNode name com.android.contacts
W/ContentService(  118): binderDied() at ObserverNode name call_log
W/ContentService(  118): binderDied() at ObserverNode name com.android.contacts
I/Process (  118): Sending signal. PID: 656 SIG: 9
E/ContactMessageStore(  279): DialerService disconnected !
I/ActivityManager(  118): Start proc android.process.acore for restart android.process.acore: pid=10600 uid=10014 gids={3003, 1015}
E/CallNotifier(  279): DialerService disconnected !
D/CarouselDummyActivity(  422): CarouselDummyActivity.onResume: tab_downloaded
D/William (  422): - refreshUsageStatCache -
W/dalvikvm(10600): Refusing to reopen boot DEX '/system/framework/com.htc.android.pimlib.jar'
I/[POST_RESELECT](  422): [spanChange] (o, oldStart, newStart, oldEnd, newEnd)=(android.text.Selection$START@401033e8,-1,0,-1,0)
I/[POST_RESELECT](  422): [spanChange] (o, oldStart, newStart, oldEnd, newEnd)=(android.text.Selection$END@40140ac8,-1,0,-1,0)
I/[POST_RESELECT](  422): [spanChange] (o, oldStart, newStart, oldEnd, newEnd)=(android.text.Selection$START@401033e8,-1,0,-1,0)
I/[POST_RESELECT](  422): [spanChange] (o, oldStart, newStart, oldEnd, newEnd)=(android.text.Selection$END@40140ac8,-1,0,-1,0)
W/ContentService(  118): binderDied() at ObserverNode name mms-sms
I/ActivityManager(  118): Process com.android.htccontacts (pid 656) has died.
W/ContentService(  118): binderDied() at ObserverNode name allmessages_with_account
W/ContentService(  118): binderDied() at ObserverNode name system
W/ContentService(  118): binderDied() at ObserverNode name allmessages_with_account
W/ContentService(  118): binderDied() at ObserverNode name allmessages_with_account
W/ContentService(  118): binderDied() at ObserverNode name allmessages_with_account
W/ContentService(  118): binderDied() at ObserverNode name mms-sms
W/ContentService(  118): binderDied() at ObserverNode name miss_calls_count_by_id
W/ContentService(  118): binderDied() at ObserverNode name allmessages_with_account
W/ContentService(  118): binderDied() at ObserverNode name miss_calls_count_by_id
W/ContentService(  118): binderDied() at ObserverNode name com.android.contacts
W/ContentService(  118): binderDied() at ObserverNode name raw_contacts
I/WindowManager(  118): WIN DEATH: Window{40a33a30 com.android.htccontacts/com.android.htccontacts.ui.EditContactActivity2 paused=false}
W/ContentService(  118): binderDied() at ObserverNode name miss_calls_count_by_id
W/ContentService(  118): binderDied() at ObserverNode name mms-sms
W/ContentService(  118): binderDied() at ObserverNode name allmessages_with_account
W/ContentService(  118): binderDied() at ObserverNode name mms-sms
W/ContentService(  118): binderDied() at ObserverNode name miss_calls_count_by_id
W/ContentService(  118): binderDied() at ObserverNode name allmessages_with_account
W/ContentService(  118): binderDied() at ObserverNode name mms-sms
W/ContentService(  118): binderDied() at ObserverNode name miss_calls_count_by_id
W/ContentService(  118): binderDied() at ObserverNode name allmessages_with_account
W/ContentService(  118): binderDied() at ObserverNode name mms-sms
W/ContentService(  118): binderDied() at ObserverNode name mms-sms
W/ContentService(  118): binderDied() at ObserverNode name mms-sms
W/ContentService(  118): binderDied() at ObserverNode name tasks
W/ContentService(  118): binderDied() at ObserverNode name miss_calls_count_by_id
W/ContentService(  118): binderDied() at ObserverNode name miss_calls_count_by_id
W/ContentService(  118): binderDied() at ObserverNode name mms-sms
W/ContentService(  118): binderDied() at ObserverNode name miss_calls_count_by_id
W/ContentService(  118): binderDied() at ObserverNode name miss_calls_count_by_id
W/ContentService(  118): binderDied() at ObserverNode name mms-sms
W/ContentService(  118): binderDied() at ObserverNode name miss_calls_count_by_id
W/ContentService(  118): binderDied() at ObserverNode name allmessages_with_account
W/ContentService(  118): binderDied() at ObserverNode name allmessages_with_account
W/ContentService(  118): binderDied() at ObserverNode name tasks
I/WindowManager(  118): WIN DEATH: Window{40818a70 com.android.htccontacts/com.android.htccontacts.ContactDetailLayerCarouselActivity paused=false}
I/WindowManager(  118): WIN DEATH: Window{4094adb0 com.android.htccontacts/com.android.htccontacts.BrowseLayerCarouselActivity paused=false}
D/CarouselDummyActivity(  422): CarouselDummyActivity.onResume: tab_downloaded
D/William (  422): - refreshUsageStatCache -
W/BinderNative(  576): Uncaught exception from death notification
W/BinderNative(  576): java.lang.NullPointerException
W/BinderNative(  576): 	at android.app.ActivityThread.removeDeadProvider(ActivityThread.java:4062)
W/BinderNative(  576): 	at android.app.ActivityThread$ProviderClientRecord.binderDied(ActivityThread.java:284)
W/BinderNative(  576): 	at android.os.BinderProxy.sendDeathNotice(Binder.java:381)
W/BinderNative(  576): 	at dalvik.system.NativeStart.run(Native Method)
W/BinderNative(  576): Uncaught exception from death notification
W/BinderNative(  576): java.lang.NullPointerException
W/BinderNative(  576): 	at android.app.ActivityThread.removeDeadProvider(ActivityThread.java:4062)
W/BinderNative(  576): 	at android.app.ActivityThread$ProviderClientRecord.binderDied(ActivityThread.java:284)
W/BinderNative(  576): 	at android.os.BinderProxy.sendDeathNotice(Binder.java:381)
W/BinderNative(  576): 	at dalvik.system.NativeStart.run(Native Method)
W/BinderNative(  576): Uncaught exception from death notification
W/BinderNative(  576): java.lang.NullPointerException
W/BinderNative(  576): 	at android.app.ActivityThread.removeDeadProvider(ActivityThread.java:4062)
W/BinderNative(  576): 	at android.app.ActivityThread$ProviderClientRecord.binderDied(ActivityThread.java:284)
W/BinderNative(  576): 	at android.os.BinderProxy.sendDeathNotice(Binder.java:381)
W/BinderNative(  576): 	at dalvik.system.NativeStart.run(Native Method)
W/BinderNative(  576): Uncaught exception from death notification
W/BinderNative(  576): java.lang.NullPointerException
W/BinderNative(  576): 	at android.app.ActivityThread.removeDeadProvider(ActivityThread.java:4062)
W/BinderNative(  576): 	at android.app.ActivityThread$ProviderClientRecord.binderDied(ActivityThread.java:284)
W/BinderNative(  576): 	at android.os.BinderProxy.sendDeathNotice(Binder.java:381)
W/BinderNative(  576): 	at dalvik.system.NativeStart.run(Native Method)
D/Zygote  (   70): Process 282 terminated by signal (15)
I/ActivityThread(10600): Pub com.android.search.contacts: com.android.providers.contacts.AnywhereContactsSugestionProvider
I/[POST_RESELECT](  422): [spanChange] (o, oldStart, newStart, oldEnd, newEnd)=(android.text.Selection$START@401033e8,-1,0,-1,0)
I/[POST_RESELECT](  422): [spanChange] (o, oldStart, newStart, oldEnd, newEnd)=(android.text.Selection$END@40140ac8,-1,0,-1,0)
I/[POST_RESELECT](  422): [spanChange] (o, oldStart, newStart, oldEnd, newEnd)=(android.text.Selection$START@401033e8,-1,0,-1,0)
I/[POST_RESELECT](  422): [spanChange] (o, oldStart, newStart, oldEnd, newEnd)=(android.text.Selection$END@40140ac8,-1,0,-1,0)
I/ActivityThread(10600): Pub contacts;com.android.contacts: com.android.providers.contacts.HtcContactsProvider2
I/installd(   75): unlink /data/dalvik-cache/mnt@asec@org.umit.icm.mobile-1@pkg.apk@classes.dex
I/PackageHelper(  118): Forcibly destroying container org.umit.icm.mobile-1
D/Database(10600): dbopen(): path = /data/data/com.android.providers.contacts/databases/contacts2.db, flag = 6, file size = 10270720
I/Database(10600): sqlite returned: error code = 0, msg = Recovered 10044 frames from WAL file /data/data/com.android.providers.contacts/databases/contacts2.db-wal
D/dalvikvm(  118): GC_EXPLICIT freed 473K, 41% free 8226K/13895K, external 667K/1179K, paused 368ms
D/VoldCmdListener(   66): asec destroy org.umit.icm.mobile-1 force
D/AndroidRuntime(10554): Shutting down VM
I/AndroidRuntime(10554): NOTE: attach of thread 'Binder Thread #3' failed
D/dalvikvm(10554): GC_CONCURRENT freed 103K, 69% free 326K/1024K, external 0K/0K, paused 2ms+2ms
D/jdwp    (10554): adbd disconnected
D/UsbnetService(  118): BroadcastReceiver::onReceive+
D/UsbnetService(  118): onReceive BATTERY_CHANGED
D/UsbnetService(  118):  --> pluggedType = 2, mPluggedType = 0, mScreenOff = true
D/UsbnetService(  118): BroadcastReceiver::onReceive-
D/BatteryService(  118): SendIntentforPowersaver
D/BatteryService(  118): Current powersaver status == NORMAL_STATUS
D/StatusBarService(  265): updateIcon slot=battery index=21 viewIndex=14 old=StatusBarIcon(pkg=com.android.systemui id=0x1080296 level=100 visible=true num=0 ) icon=StatusBarIcon(pkg=com.android.systemui id=0x1080296 level=100 visible=true num=0 )
D/BatteryService(  118): usb_cable_connect = 1
D/BatteryService(  118): usb_cable_connect = 1
D/BatteryService(  118): isUsbConnected() = true
D/BatteryService(  118): mPlugType = 2
D/UsbConnectedReceiver(  488): action = psclient.intent.action.usb_status
D/UsbConnectedReceiver(  488): ACTION_BATTERY_CHANGED
D/UsbConnectedReceiver(  488): usbCurrentType = 2
D/UsbConnectedReceiver(  488): Current type is same as previous, return!
D/BatteryService(  118): usb_cable_connect = 1
D/BatteryService(  118): usb_cable_connect = 1
D/BatteryService(  118): isUsbConnected() = true
D/BatteryService(  118): mPlugType = 2
D/UsbConnectedReceiver(  488): action = psclient.intent.action.usb_status
D/UsbConnectedReceiver(  488): ACTION_BATTERY_CHANGED
D/UsbConnectedReceiver(  488): usbCurrentType = 2
D/UsbConnectedReceiver(  488): Current type is same as previous, return!
D/Database(10600): dbopen(): path = /data/data/com.android.providers.contacts/databases/contacts2.db, mode: wal, disk free size: 71 M, handle: 0x24b2f8
I/HtcCustomOpenHelper(10600): return the valid account - <HTC/DeviceOnly>
D/dalvikvm(10600): GC_CONCURRENT freed 177K, 47% free 3020K/5639K, external 0K/0K, paused 20ms+10ms
D/PhoneApp(  279): ACTION_CONTACTS_DB_READY
E/CallNotifier(  279): bindDialerService
I/ActivityThread(10600): Pub call_log: com.android.providers.contacts.CallLogProvider
I/ActivityManager(  118): Start proc com.android.htccontacts for broadcast com.android.htccontacts/.ContactDBReadyReceiver: pid=10616 uid=10014 gids={3003, 1015}
I/ActivityThread(10600): Pub user_dictionary: com.android.providers.userdictionary.UserDictionaryProvider
I/ActivityThread(10600): Pub com.android.social: com.android.providers.contacts.SocialProvider
I/ActivityThread(10600): Pub applications: com.android.providers.applications.ApplicationsProvider
D/Database(10600): dbopen(): path = :memory:, flag = 6, cannot stat file, error message: Read-only file system
D/Database(10600): dbopen(): path = :memory:, mode: memory, disk free size: 0 M, handle: 0x3298a0
W/dalvikvm(10616): Refusing to reopen boot DEX '/system/framework/com.htc.android.pimlib.jar'
D/NotifyDialerScheduler(10600): ACTION_CONTACTS_DB_READY
D/NotifyDialerScheduler(10600): ACTION_CONTACTS_DB_READY
D/DialerApp(10600): disabled component: ComponentInfo{com.android.htcdialer/com.android.htcdialer.NonPhoneActivity}
D/DialerApp(10600): enabled component: ComponentInfo{com.android.htcdialer/com.android.htcdialer.Dialer}
I/PackageManager(  118):  setEnabledSetting(), pkgName=com.android.htcdialer, clsName=com.android.htcdialer.NonPhoneActivity, state=2, flag=1, pid=10600, uid=10014
I/PackageManager(  118):  setEnabledSetting(), pkgName=com.android.htcdialer, clsName=com.android.htcdialer.Dialer, state=1, flag=1, pid=10600, uid=10014
D/HtcContactsProvider2(10600): MESSAGE_REQUERY_SIM_CONTACTS
D/IccPhoneBookInterfaceManager(  279): getPBKEntries
D/HtcIccPbkEntryCache(  279): PB has already loaded
D/IccPhoneBookInterfaceManager(  279): load ADN records success!!
V/PeopleApp(10616): PeopleApp constructed: com.android.htccontacts.PeopleApp@40539cf8
I/ActivityThread(10616): Pub com.android.htccontacts.TabProvider: com.android.htccontacts.TabProvider
D/DialerService(10600): DialerService start !!
E/CallNotifier(  279): DialerService connected !
E/ContactMessageStore(  279): DialerService connected !
W/ResourceType(10616): getEntry failing because entryIndex 179 is beyond type entryCount 125
W/ResourceType(10616): Failure getting entry for 0x7f0200b3 (t=1 e=179) in package 0 (error -2147483647)
W/ResourceType(10616): getEntry failing because entryIndex 603 is beyond type entryCount 125
W/ResourceType(10616): Failure getting entry for 0x7f02025b (t=1 e=603) in package 0 (error -2147483647)
W/ResourceType(10616): getEntry failing because entryIndex 179 is beyond type entryCount 125
W/ResourceType(10616): Failure getting entry for 0x7f0200b3 (t=1 e=179) in package 0 (error -2147483647)
W/ResourceType(10616): getEntry failing because entryIndex 603 is beyond type entryCount 125
W/ResourceType(10616): Failure getting entry for 0x7f02025b (t=1 e=603) in package 0 (error -2147483647)
W/ResourceType(10616): getEntry failing because entryIndex 179 is beyond type entryCount 125
W/ResourceType(10616): Failure getting entry for 0x7f0200b3 (t=1 e=179) in package 0 (error -2147483647)
W/ResourceType(10616): getEntry failing because entryIndex 603 is beyond type entryCount 125
W/ResourceType(10616): Failure getting entry for 0x7f02025b (t=1 e=603) in package 0 (error -2147483647)
W/ResourceType(10616): getEntry failing because entryIndex 179 is beyond type entryCount 125
W/ResourceType(10616): Failure getting entry for 0x7f0200b3 (t=1 e=179) in package 0 (error -2147483647)
W/ResourceType(10616): getEntry failing because entryIndex 603 is beyond type entryCount 125
W/ResourceType(10616): Failure getting entry for 0x7f02025b (t=1 e=603) in package 0 (error -2147483647)
W/ResourceType(10616): getEntry failing because entryIndex 179 is beyond type entryCount 125
W/ResourceType(10616): Failure getting entry for 0x7f0200b3 (t=1 e=179) in package 0 (error -2147483647)
W/ResourceType(10616): getEntry failing because entryIndex 603 is beyond type entryCount 125
W/ResourceType(10616): Failure getting entry for 0x7f02025b (t=1 e=603) in package 0 (error -2147483647)
V/PeopleApp(10616): PeopleApp created done: com.android.htccontacts.PeopleApp@40539cf8
D/NotifyDialerScheduler(10600): DialerService connected !
I/ContactsProvider(10600): Run onAccountsUpdated !!
D/dalvikvm(10600): GC_CONCURRENT freed 137K, 43% free 3399K/5959K, external 0K/0K, paused 21ms+233ms
I/PeopleApp(10616): Preload all people cursor with - displayOnlyPhones: false
D/dalvikvm(10616): GC_CONCURRENT freed 342K, 50% free 2852K/5639K, external 0K/0K, paused 10ms+17ms
D/ContactsProvider(10600): removing data for removed account Account {name=SIM, type=com.anddroid.contacts.sim}
W/Addapter(  422): info.icon:2130837552
W/Addapter(  422): info.icon:2130837559
W/Addapter(  422): info.icon:2130837529
W/Addapter(  422): info.icon:2130837683
W/Addapter(  422): info.icon:2130837508
W/Addapter(  422): info.icon:2130837558
W/Addapter(  422): info.icon:2130837504
W/Addapter(  422): info.icon:2130838014
W/Addapter(  422): info.icon:2130838077
W/Addapter(  422): info.icon:2130837627
D/ContactWidget Matrix(  422): com.htc.intent.action.ACTION_ACCOUNT_DELETION_CONTACT_UPDATE, authority:null
W/Addapter(  422): info.icon:2130837552
W/Addapter(  422): info.icon:2130837559
W/Addapter(  422): info.icon:2130837529
W/Addapter(  422): info.icon:2130837683
W/Addapter(  422): info.icon:2130837508
W/Addapter(  422): info.icon:2130837558
W/Addapter(  422): info.icon:2130837504
W/Addapter(  422): info.icon:2130838014
W/Addapter(  422): info.icon:2130838077
W/Addapter(  422): info.icon:2130837627
D/WidgetView_Card(  422): message widget observer onChange, isDelete false
D/WidgetView_Card(  422): MyChangeObserver onChange: not in foreground now. set m_bNeedRefreshUI = true
I/PeopleApp(10616): AllPeopleCursor preload completed - 1083 contacts preloaded!
V/ContactsProvider(10600): inner query: SELECT SUBSTR(sort_key,1,1) AS letter, GET_PHONEBOOK_INDEX(SUBSTR(sort_key,1,1),'en_IN') AS title, COUNT(_id) AS count FROM ( SELECT contacts._id AS _id, contacts.display_name AS display_name, contacts.starred AS starred, contacts.custom_ringtone AS custom_ringtone, contacts.send_to_voicemail AS send_to_voicemail, contacts.times_contacted AS times_contacted, contacts.last_time_contacted AS last_time_contacted, contacts.lookup AS lookup, contacts.has_phone_number AS has_phone_number, contacts.photo_id AS photo_id, contacts.in_visible_group AS in_visible_group, contacts.single_is_restricted AS single_is_restricted, contacts.status_update_id AS status_update_id, contacts.ext_account_Type AS ext_account_Type, contacts.ext_photo_url AS ext_photo_url, contacts.default_action AS default_action , phonetic_name , sort_key , sort_key_alt , contacts.vip AS vip , single_is_restricted, NULL AS data1, NULL AS data2, NULL AS data3, NULL AS display_title , NULL AS mimetype  FROM contacts JOIN raw_contacts ON (name_raw_contact_id= raw_contacts._id )) WHERE (  ( ext_account_Type <> 'com.htc.socialnetwork.flickr' )  AND ( ext_account_Type <> 'com.htc.htctwitter' AND ext_account_Type <> 'com.htc.socialnetwork.plurk' AND ext_account_Type <> 'com.twitter.android.auth.login' )   AND  ( ext_account_Type <> 'DeviceOnly' ) ) GROUP BY letter COLLATE PHONEBOOK ORDER BY letter COLLATE PHONEBOOK ASC 
D/dalvikvm(10600): GC_CONCURRENT freed 280K, 45% free 3516K/6279K, external 0K/0K, paused 10ms+11ms
V/PERFORMANCE_TRACE(10600): bundleLetterCountExtras query: content://com.android.contacts/strong_query_contacts?address_book_index_extras=true   timer:  1609
E/ContactWidget Matrix(  422): extractFavorites(), Current cursor size is:1, mContactAry.size()1, mContactPairAry size:1
D/WidgetView_Card(  422): message widget observer onChange, isDelete false
D/WidgetView_Card(  422): MyChangeObserver onChange: not in foreground now. set m_bNeedRefreshUI = true
D/NOTE    (10600): setLoginIdForSNAcoount: 12:13:14:15
D/SNLinkUtils(10600): setLoginId: com.htc.socialnetwork.facebook : 1797264148
V/HtcContactsProvider2(10600): *************mergeContactWhenProviderBegin
D/dalvikvm(10600): GC_CONCURRENT freed 455K, 45% free 3527K/6407K, external 0K/0K, paused 10ms+12ms
W/ContactAggregator(10600): No more aggregation requests
D/dalvikvm(10434): GC_EXPLICIT freed 79K, 49% free 2761K/5379K, external 0K/0K, paused 186ms
I/HtcContactsProvider2(10600): targetTime: 6/1 <=> eventTime: 5/31
D/dalvikvm(10600): GC_CONCURRENT freed 420K, 45% free 3563K/6407K, external 0K/0K, paused 14ms+11ms
D/dalvikvm(10600): GC_CONCURRENT freed 288K, 43% free 3706K/6471K, external 0K/0K, paused 10ms+10ms
D/IccPhoneBookInterfaceManager(  279): getPBKEntries
D/HtcIccPbkEntryCache(  279): PB has already loaded
D/IccPhoneBookInterfaceManager(  279): load ADN records success!!
D/HtcContactsProvider2(10600): querySIMDataThread We don't need to update again
V/SyncManager(  118): runstateidle: nonHTCActiveCount++ :1
D/StatusBarService(  265): updateIcon slot=sync_active index=6 viewIndex=5 old=StatusBarIcon(pkg=com.android.systemui id=0x1080292 level=0 visible=false num=0 ) icon=StatusBarIcon(pkg=com.android.systemui id=0x1080292 level=0 visible=true num=0 )
D/ContactWidget Matrix(  422): android.intent.action.SYNC_STATE_CHANGED, authority:com.android.contacts
E/ContactWidget Matrix(  422): extractFavorites(), Current cursor size is:1, mContactAry.size()1, mContactPairAry size:1
I/dalvikvm(10600): Jit: resizing JitTable from 512 to 1024
D/dalvikvm(10600): GC_CONCURRENT freed 213K, 41% free 3901K/6599K, external 0K/0K, paused 10ms+11ms
D/dalvikvm(10600): GC_CONCURRENT freed 164K, 39% free 4145K/6791K, external 0K/0K, paused 10ms+13ms
D/dalvikvm(10600): GC_CONCURRENT freed 2K, 35% free 4594K/7047K, external 0K/0K, paused 10ms+17ms
D/ContactNameCache(  576): Contact onChange: false
D/ContactNameCache(  576): Contactname cache Process invalid
D/ContactNameCache(  576): handleMessage: 2
D/ContactNameCache(  576): MEPHOTO QUERY
D/ContactNameCache(  576): handleMessage: 1
D/ContactNameCache(  576): NAMECACHE MULTIPLE QUERY
I/ContactNameCache(  576): cache invalidate.
D/ContactNameCache(  576): mCachedPhoto size: 13
D/ContactMessageStore(  279): clearContact1Table() <<<
D/dalvikvm(  337): GC_CONCURRENT freed 503K, 43% free 4456K/7751K, external 0K/0K, paused 13ms+17ms
D/ContactMessageStore(  279): delete/insert time: 213
D/ContactMessageStore(  279): insertContactsTable() <<
D/ContactMessageStore(  279): end time: 130291957(517)
D/WidgetView_Card(  422): message widget observer onChange, isDelete false
D/WidgetView_Card(  422): MyChangeObserver onChange: not in foreground now. set m_bNeedRefreshUI = true
D/WidgetView_Card(  422): message widget observer onChange, isDelete false
D/ContactMessageStore(  279): notify MmsSms
D/WidgetView_Card(  422): MyChangeObserver onChange: not in foreground now. set m_bNeedRefreshUI = true
D/ContactNameCache(  576): received MSG_FILTER_UPDATE_THREADS_NAME
D/ContactNameCache(  576): handleMessage: 7
D/Jerry   (  279): URI_DRAFT
D/WidgetView_Card(  422): message widget observer onChange, isDelete false
D/WidgetView_Card(  422): MyChangeObserver onChange: not in foreground now. set m_bNeedRefreshUI = true
D/PeopleApp(10616): Auto requerying AllPeopleCursor due to update - 1083 contacts
D/dalvikvm(  337): GC_CONCURRENT freed 485K, 43% free 4433K/7751K, external 0K/0K, paused 13ms+12ms
D/WidgetView_Card(  422): message widget observer onChange, isDelete false
D/WidgetView_Card(  422): MyChangeObserver onChange: not in foreground now. set m_bNeedRefreshUI = true
D/PeopleApp(10616): Auto requerying AllPeopleCursor due to update - 1083 contacts
D/dalvikvm(10446): GC_EXPLICIT freed 54K, 50% free 2719K/5379K, external 0K/0K, paused 285ms
D/ContactWidget Matrix(  422): android.intent.action.SYNC_STATE_CHANGED, authority:com.android.contacts
D/StatusBarService(  265): updateIcon slot=sync_active index=6 viewIndex=5 old=StatusBarIcon(pkg=com.android.systemui id=0x1080292 level=0 visible=true num=0 ) icon=StatusBarIcon(pkg=com.android.systemui id=0x1080292 level=0 visible=false num=0 )
E/ContactWidget Matrix(  422): extractFavorites(), Current cursor size is:1, mContactAry.size()1, mContactPairAry size:1
D/dalvikvm(10600): GC_CONCURRENT freed 488K, 39% free 4731K/7687K, external 0K/0K, paused 10ms+11ms
D/dalvikvm(10600): GC_CONCURRENT freed 625K, 40% free 4702K/7815K, external 0K/0K, paused 11ms+10ms
D/dalvikvm(10453): GC_EXPLICIT freed 55K, 50% free 2729K/5379K, external 0K/0K, paused 96ms
D/UsbnetService(  118): BroadcastReceiver::onReceive+
D/UsbnetService(  118): onReceive BATTERY_CHANGED
D/UsbnetService(  118):  --> pluggedType = 2, mPluggedType = 0, mScreenOff = true
D/UsbnetService(  118): BroadcastReceiver::onReceive-
D/BatteryService(  118): SendIntentforPowersaver
D/BatteryService(  118): Current powersaver status == NORMAL_STATUS
D/BatteryService(  118): usb_cable_connect = 1
D/StatusBarService(  265): updateIcon slot=battery index=21 viewIndex=14 old=StatusBarIcon(pkg=com.android.systemui id=0x1080296 level=100 visible=true num=0 ) icon=StatusBarIcon(pkg=com.android.systemui id=0x1080296 level=100 visible=true num=0 )
D/BatteryService(  118): usb_cable_connect = 1
D/BatteryService(  118): isUsbConnected() = true
D/BatteryService(  118): mPlugType = 2
D/UsbConnectedReceiver(  488): action = psclient.intent.action.usb_status
D/UsbConnectedReceiver(  488): ACTION_BATTERY_CHANGED
D/UsbConnectedReceiver(  488): usbCurrentType = 2
D/UsbConnectedReceiver(  488): Current type is same as previous, return!
D/BatteryService(  118): usb_cable_connect = 1
D/BatteryService(  118): usb_cable_connect = 1
D/BatteryService(  118): isUsbConnected() = true
D/BatteryService(  118): mPlugType = 2
D/UsbConnectedReceiver(  488): action = psclient.intent.action.usb_status
D/UsbConnectedReceiver(  488): ACTION_BATTERY_CHANGED
D/UsbConnectedReceiver(  488): usbCurrentType = 2
D/UsbConnectedReceiver(  488): Current type is same as previous, return!
D/AndroidRuntime(10650): 
D/AndroidRuntime(10650): >>>>>> AndroidRuntime START com.android.internal.os.RuntimeInit <<<<<<
D/AndroidRuntime(10650): CheckJNI is OFF
D/AndroidRuntime(10650): Calling main entry com.android.commands.pm.Pm
D/dalvikvm(10397): GC_EXPLICIT freed 4K, 49% free 2775K/5379K, external 0K/0K, paused 103ms
W/ActivityManager(  118): No content provider found for: 
D/VoldCmdListener(   66): asec list
D/dalvikvm(10460): GC_EXPLICIT freed 74K, 50% free 2728K/5379K, external 0K/0K, paused 958ms
I/PackageHelper(10397): Size of container 5 MB 3310483 bytes
D/VoldCmdListener(   66): asec create smdl2tmp1 5 fat {} 10066
I//system/bin/newfs_msdos(   66): /system/bin/newfs_msdos: warning, /dev/block/dm-0 is not a character device
I//system/bin/newfs_msdos(   66): /system/bin/newfs_msdos: Skipping mount checks
I//system/bin/newfs_msdos(   66): Bogus heads from kernel - setting sane value
I//system/bin/newfs_msdos(   66): Bogus sectors from kernel - setting sane value
I//system/bin/newfs_msdos(   66): /dev/block/dm-0: 10400 sectors in 1300 FAT32 clusters (4096 bytes/cluster)
I//system/bin/newfs_msdos(   66): bps=512 spc=8 res=32 nft=2 sec=10458 mid=0xf0 spt=63 hds=64 hid=0 bspf=11 rdcl=2 infs=1 bkbs=2
I/Vold    (   66): Filesystem formatted OK
D/VoldCmdListener(   66): asec path smdl2tmp1
I/PackageHelper(10397): Created secure container smdl2tmp1 at /mnt/asec/smdl2tmp1
I/DefContainer(10397): Created container for smdl2tmp1 at path : /mnt/asec/smdl2tmp1
I/DefContainer(10397): Copied /sdcard/tmp/icm-mobile.apk to /mnt/asec/smdl2tmp1/pkg.apk
I/DefContainer(10397): Finalized container smdl2tmp1
I/DefContainer(10397): Unmounting smdl2tmp1 at path /mnt/asec/smdl2tmp1
D/VoldCmdListener(   66): asec finalize smdl2tmp1
D/dalvikvm(10397): GC_EXPLICIT freed 77K, 49% free 2775K/5379K, external 0K/0K, paused 95ms
D/dalvikvm(  118): GC_EXPLICIT freed 614K, 42% free 8168K/13895K, external 667K/1179K, paused 304ms
D/VoldCmdListener(   66): asec unmount smdl2tmp1 force
W/ActivityManager(  118): No content provider found for: 
D/VoldCmdListener(   66): asec mount smdl2tmp1 {} 1000
D/PackageParser(  118): Scanning package: /mnt/asec/smdl2tmp1/pkg.apk
D/VoldCmdListener(   66): asec path smdl2tmp1
D/dalvikvm(  337): GC_CONCURRENT freed 468K, 43% free 4457K/7751K, external 0K/0K, paused 12ms+16ms
D/ConnectivityService(  118): reportNetworkCondition(0, 100)by 337/10021
D/ConnectivityService(  118): Inet connectivity change, net=0, condition=100,mActiveDefaultNetwork=0
D/ConnectivityService(  118): starting a change hold
D/dalvikvm(10469): GC_EXPLICIT freed 50K, 50% free 2717K/5379K, external 0K/0K, paused 109ms
D/ConnectivityService(  118): Inet hold end, net=0, condition =100, published condition =0
D/StatusBarService(  265): updateIcon slot=data_connection index=18 viewIndex=12 old=StatusBarIcon(pkg=com.android.systemui id=0x7f020073 level=0 visible=true num=0 ) icon=StatusBarIcon(pkg=com.android.systemui id=0x7f020073 level=0 visible=true num=0 )
D/StatusBarService(  265): updateIcon slot=phone_signal index=20 viewIndex=13 old=StatusBarIcon(pkg=com.android.systemui id=0x7f0200ca level=0 visible=true num=0 ) icon=StatusBarIcon(pkg=com.android.systemui id=0x7f0200ca level=0 visible=true num=0 )
D/dalvikvm(  118): GC_CONCURRENT freed 1190K, 40% free 8454K/13895K, external 667K/1179K, paused 16ms+26ms
D/dalvikvm(  118): GC_EXPLICIT freed 971K, 40% free 8426K/13895K, external 667K/1179K, paused 328ms
D/VoldCmdListener(   66): asec unmount smdl2tmp1 force
D/VoldCmdListener(   66): asec rename smdl2tmp1 org.umit.icm.mobile-1
W/PackageManager(  118): Mounting container org.umit.icm.mobile-1
D/VoldCmdListener(   66): asec mount org.umit.icm.mobile-1 {} 1000
I/PackageManager(  118): Succesfully renamed smdl2tmp1 to org.umit.icm.mobile-1 at new path: /mnt/asec/org.umit.icm.mobile-1
D/VoldCmdListener(   66): asec path org.umit.icm.mobile-1
I/PackageManager(  118): Removing non-system package:org.umit.icm.mobile
I/ActivityManager(  118): Force stopping package org.umit.icm.mobile uid=10073
D/CarouselDummyActivity(  422): CarouselDummyActivity.onResume: tab_downloaded
W/ActivityManager(  118): Activity pause timeout for HistoryRecord{40800550 com.htc.launcher/.Launcher}
D/PackageManager(  118): Scanning package org.umit.icm.mobile
D/William (  422): - refreshUsageStatCache -
I/PackageManager(  118): Package org.umit.icm.mobile codePath changed from /mnt/asec/org.umit.icm.mobile-2/pkg.apk to /mnt/asec/org.umit.icm.mobile-1/pkg.apk; Retaining data and using new
I/PackageManager(  118): Linking native library dir for /mnt/asec/org.umit.icm.mobile-1/pkg.apk
I/[POST_RESELECT](  422): [spanChange] (o, oldStart, newStart, oldEnd, newEnd)=(android.text.Selection$START@401033e8,-1,0,-1,0)
I/[POST_RESELECT](  422): [spanChange] (o, oldStart, newStart, oldEnd, newEnd)=(android.text.Selection$END@40140ac8,-1,0,-1,0)
I/[POST_RESELECT](  422): [spanChange] (o, oldStart, newStart, oldEnd, newEnd)=(android.text.Selection$START@401033e8,-1,0,-1,0)
I/[POST_RESELECT](  422): [spanChange] (o, oldStart, newStart, oldEnd, newEnd)=(android.text.Selection$END@40140ac8,-1,0,-1,0)
D/installd(   75): DexInv: --- BEGIN '/mnt/asec/org.umit.icm.mobile-1/pkg.apk' ---
D/dalvikvm(10676): DexOpt: 'Lorg/apache/commons/codec/Decoder;' has an earlier definition; blocking out
D/dalvikvm(10676): DexOpt: 'Lorg/apache/commons/codec/BinaryDecoder;' has an earlier definition; blocking out
D/dalvikvm(10676): DexOpt: 'Lorg/apache/commons/codec/Encoder;' has an earlier definition; blocking out
D/dalvikvm(10676): DexOpt: 'Lorg/apache/commons/codec/BinaryEncoder;' has an earlier definition; blocking out
D/dalvikvm(10676): DexOpt: 'Lorg/apache/commons/codec/DecoderException;' has an earlier definition; blocking out
D/dalvikvm(10676): DexOpt: 'Lorg/apache/commons/codec/EncoderException;' has an earlier definition; blocking out
D/dalvikvm(10676): DexOpt: 'Lorg/apache/commons/codec/StringDecoder;' has an earlier definition; blocking out
D/dalvikvm(10676): DexOpt: 'Lorg/apache/commons/codec/StringEncoder;' has an earlier definition; blocking out
D/dalvikvm(10676): DexOpt: 'Lorg/apache/commons/codec/StringEncoderComparator;' has an earlier definition; blocking out
D/dalvikvm(10676): DexOpt: 'Lorg/apache/commons/codec/binary/Base64;' has an earlier definition; blocking out
D/dalvikvm(10676): DexOpt: 'Lorg/apache/commons/codec/binary/BinaryCodec;' has an earlier definition; blocking out
D/dalvikvm(10676): DexOpt: 'Lorg/apache/commons/codec/binary/Hex;' has an earlier definition; blocking out
D/dalvikvm(10676): DexOpt: 'Lorg/apache/commons/codec/language/DoubleMetaphone$DoubleMetaphoneResult;' has an earlier definition; blocking out
D/dalvikvm(10676): DexOpt: 'Lorg/apache/commons/codec/language/DoubleMetaphone;' has an earlier definition; blocking out
D/dalvikvm(10676): DexOpt: 'Lorg/apache/commons/codec/language/Metaphone;' has an earlier definition; blocking out
D/dalvikvm(10676): DexOpt: 'Lorg/apache/commons/codec/language/RefinedSoundex;' has an earlier definition; blocking out
D/dalvikvm(10676): DexOpt: 'Lorg/apache/commons/codec/language/Soundex;' has an earlier definition; blocking out
D/dalvikvm(10676): DexOpt: 'Lorg/apache/commons/codec/language/SoundexUtils;' has an earlier definition; blocking out
D/dalvikvm(10676): DexOpt: 'Lorg/apache/commons/codec/net/RFC1522Codec;' has an earlier definition; blocking out
D/dalvikvm(10676): DexOpt: 'Lorg/apache/commons/codec/net/BCodec;' has an earlier definition; blocking out
D/dalvikvm(10676): DexOpt: 'Lorg/apache/commons/codec/net/QCodec;' has an earlier definition; blocking out
D/dalvikvm(10676): DexOpt: 'Lorg/apache/commons/codec/net/QuotedPrintableCodec;' has an earlier definition; blocking out
D/dalvikvm(10676): DexOpt: 'Lorg/apache/commons/codec/net/URLCodec;' has an earlier definition; blocking out
D/dalvikvm(10676): DexOpt: not verifying 'Lorg/apache/commons/codec/Decoder;': multiple definitions
D/dalvikvm(10676): DexOpt: not verifying 'Lorg/apache/commons/codec/BinaryDecoder;': multiple definitions
D/dalvikvm(10676): DexOpt: not verifying 'Lorg/apache/commons/codec/Encoder;': multiple definitions
D/dalvikvm(10676): DexOpt: not verifying 'Lorg/apache/commons/codec/BinaryEncoder;': multiple definitions
D/dalvikvm(10676): DexOpt: not verifying 'Lorg/apache/commons/codec/DecoderException;': multiple definitions
D/dalvikvm(10676): DexOpt: not verifying 'Lorg/apache/commons/codec/EncoderException;': multiple definitions
D/dalvikvm(10676): DexOpt: not verifying 'Lorg/apache/commons/codec/StringDecoder;': multiple definitions
D/dalvikvm(10676): DexOpt: not verifying 'Lorg/apache/commons/codec/StringEncoder;': multiple definitions
D/dalvikvm(10676): DexOpt: not verifying 'Lorg/apache/commons/codec/StringEncoderComparator;': multiple definitions
I/dalvikvm(10676): DexOpt: not resolving ambiguous class 'Lorg/apache/commons/codec/DecoderException;'
D/dalvikvm(10676): DexOpt: not verifying 'Lorg/apache/commons/codec/binary/Base64;': multiple definitions
I/dalvikvm(10676): DexOpt: not resolving ambiguous class 'Lorg/apache/commons/codec/binary/Base64;'
I/dalvikvm(10676): DexOpt: not resolving ambiguous class 'Lorg/apache/commons/codec/binary/Base64;'
D/dalvikvm(10676): DexOpt: not verifying 'Lorg/apache/commons/codec/binary/BinaryCodec;': multiple definitions
D/dalvikvm(10676): DexOpt: not verifying 'Lorg/apache/commons/codec/binary/Hex;': multiple definitions
I/dalvikvm(10676): DexOpt: not resolving ambiguous class 'Lorg/apache/commons/codec/binary/Hex;'
I/dalvikvm(10676): DexOpt: not resolving ambiguous class 'Lorg/apache/commons/codec/EncoderException;'
I/dalvikvm(10676): DexOpt: not resolving ambiguous class 'Lorg/apache/commons/codec/EncoderException;'
I/dalvikvm(10676): DexOpt: not resolving ambiguous class 'Lorg/apache/commons/codec/EncoderException;'
D/dalvikvm(10676): DexOpt: not verifying 'Lorg/apache/commons/codec/language/DoubleMetaphone$DoubleMetaphoneResult;': multiple definitions
D/dalvikvm(10676): DexOpt: not verifying 'Lorg/apache/commons/codec/language/DoubleMetaphone;': multiple definitions
D/dalvikvm(10676): DexOpt: not verifying 'Lorg/apache/commons/codec/language/Metaphone;': multiple definitions
D/dalvikvm(10676): DexOpt: not verifying 'Lorg/apache/commons/codec/language/RefinedSoundex;': multiple definitions
D/dalvikvm(10676): DexOpt: not verifying 'Lorg/apache/commons/codec/language/Soundex;': multiple definitions
D/dalvikvm(10676): DexOpt: not verifying 'Lorg/apache/commons/codec/language/SoundexUtils;': multiple definitions
I/dalvikvm(10676): DexOpt: not resolving ambiguous class 'Lorg/apache/commons/codec/EncoderException;'
D/dalvikvm(10676): DexOpt: not verifying 'Lorg/apache/commons/codec/net/RFC1522Codec;': multiple definitions
D/dalvikvm(10676): DexOpt: not verifying 'Lorg/apache/commons/codec/net/BCodec;': multiple definitions
D/dalvikvm(10676): DexOpt: not verifying 'Lorg/apache/commons/codec/net/QCodec;': multiple definitions
D/dalvikvm(10676): DexOpt: not verifying 'Lorg/apache/commons/codec/net/QuotedPrintableCodec;': multiple definitions
D/dalvikvm(10676): DexOpt: not verifying 'Lorg/apache/commons/codec/net/URLCodec;': multiple definitions
I/dalvikvm(10676): DexOpt: not resolving ambiguous class 'Lorg/apache/commons/codec/DecoderException;'
I/dalvikvm(10676): DexOpt: not resolving ambiguous class 'Lorg/apache/commons/codec/binary/Base64;'
I/dalvikvm(10676): DexOpt: not resolving ambiguous class 'Lorg/apache/commons/codec/binary/Base64;'
I/dalvikvm(10676): DexOpt: not resolving ambiguous class 'Lorg/apache/commons/codec/binary/Base64;'
D/dalvikvm(10252): GC_EXPLICIT freed 21K, 49% free 2760K/5379K, external 0K/0K, paused 1970ms
I/dalvikvm(10676): DexOpt: not resolving ambiguous class 'Lorg/apache/commons/codec/binary/Base64;'
I/dalvikvm(10676): DexOpt: not resolving ambiguous class 'Lorg/apache/commons/codec/binary/Base64;'
I/dalvikvm(10676): DexOpt: not resolving ambiguous class 'Lorg/apache/commons/codec/binary/Base64;'
I/dalvikvm(10676): DexOpt: not resolving ambiguous class 'Lorg/apache/commons/codec/binary/Base64;'
D/dalvikvm(10676): DexOpt: load 844ms, verify+opt 7277ms
D/installd(   75): DexInv: --- END '/mnt/asec/org.umit.icm.mobile-1/pkg.apk' (success) ---
I/ActivityManager(  118): Force stopping package org.umit.icm.mobile uid=10073
D/CarouselDummyActivity(  422): CarouselDummyActivity.onResume: tab_downloaded
D/William (  422): - refreshUsageStatCache -
W/PackageManager(  118): Code path for pkg : org.umit.icm.mobile changing from /mnt/asec/org.umit.icm.mobile-2/pkg.apk to /mnt/asec/org.umit.icm.mobile-1/pkg.apk
W/PackageManager(  118): Resource path for pkg : org.umit.icm.mobile changing from /mnt/asec/org.umit.icm.mobile-2/pkg.apk to /mnt/asec/org.umit.icm.mobile-1/pkg.apk
D/PackageManager(  118):   Services: org.umit.icm.mobile.notifications.NotificationService org.umit.icm.mobile.connectivity.ConnectivityService org.umit.icm.mobile.process.CommunicationService
D/PackageManager(  118):   Activities: org.umit.icm.mobile.gui.BugReportActivity org.umit.icm.mobile.gui.ControlActivity org.umit.icm.mobile.gui.InformationActivity org.umit.icm.mobile.gui.ISPActivity org.umit.icm.mobile.gui.MapActivityTab org.umit.icm.mobile.gui.WebsiteActivity org.umit.icm.mobile.gui.WebsiteFilterActivity org.umit.icm.mobile.gui.ServiceFilterActivity org.umit.icm.mobile.gui.ServiceActivity org.umit.icm.mobile.Main
I/[POST_RESELECT](  422): [spanChange] (o, oldStart, newStart, oldEnd, newEnd)=(android.text.Selection$START@401033e8,-1,0,-1,0)
I/[POST_RESELECT](  422): [spanChange] (o, oldStart, newStart, oldEnd, newEnd)=(android.text.Selection$END@40140ac8,-1,0,-1,0)
I/[POST_RESELECT](  422): [spanChange] (o, oldStart, newStart, oldEnd, newEnd)=(android.text.Selection$START@401033e8,-1,0,-1,0)
I/[POST_RESELECT](  422): [spanChange] (o, oldStart, newStart, oldEnd, newEnd)=(android.text.Selection$END@40140ac8,-1,0,-1,0)
I/installd(   75): move /data/dalvik-cache/mnt@asec@org.umit.icm.mobile-1@pkg.apk@classes.dex -> /data/dalvik-cache/mnt@asec@org.umit.icm.mobile-1@pkg.apk@classes.dex
D/PackageManager(  118): New package installed in /mnt/asec/org.umit.icm.mobile-1/pkg.apk
W/PackageManager(  118): Not granting permission android.permission.UPDATE_DEVICE_STATS to package org.umit.icm.mobile (protectionLevel=3 flags=0x4be44)
I/ActivityManager(  118): Force stopping package org.umit.icm.mobile uid=10073
D/CarouselDummyActivity(  422): CarouselDummyActivity.onResume: tab_downloaded
D/dalvikvm(  118): GC_EXPLICIT freed 889K, 42% free 8176K/13895K, external 667K/1179K, paused 332ms
D/PhoneApp(  279): -- PackageChangeBroadcastReceiver  action = android.intent.action.PACKAGE_REMOVED
I/RosieUtility(10252): disable self killer: mEnabled=1
D/PhoneApp(  279): -- PackageChangeBroadcastReceiver  action = android.intent.action.PACKAGE_ADDED
D/William (  422): - refreshUsageStatCache -
I/RosieUtility(10252): enable self killer: mEnabled=0
D/HtcWidgetScanner(10252): action - android.intent.action.PACKAGE_REMOVED
I/RosieUtility(10252): disable self killer: mEnabled=1
D/HtcWidgetScanner(10252): packageUid - 10073
I/[POST_RESELECT](  422): [spanChange] (o, oldStart, newStart, oldEnd, newEnd)=(android.text.Selection$START@401033e8,-1,0,-1,0)
I/[POST_RESELECT](  422): [spanChange] (o, oldStart, newStart, oldEnd, newEnd)=(android.text.Selection$END@40140ac8,-1,0,-1,0)
