I/[POST_RESELECT](  422): [spanChange] (o, oldStart, newStart, oldEnd, newEnd)=(android.text.Selection$START@401033e8,-1,0,-1,0)
I/[POST_RESELECT](  422): [spanChange] (o, oldStart, newStart, oldEnd, newEnd)=(android.text.Selection$END@40140ac8,-1,0,-1,0)
D/dalvikvm(  118): GC_EXPLICIT freed 45K, 42% free 8171K/13895K, external 667K/1179K, paused 386ms
D/dalvikvm(  118): GC_EXPLICIT freed 14K, 42% free 8162K/13895K, external 667K/1179K, paused 318ms
D/VoldCmdListener(   66): asec unmount org.umit.icm.mobile-2 force
W/Vold    (   66): org.umit.icm.mobile-2 unmount attempt 1 failed (Device or resource busy)
D/vicky   (10453): vicky received: android.intent.action.PACKAGE_REMOVED
D/HomeLoaders(  422): get install or remove message so do change adapter
D/HomeLoaders(  422): get install or remove message so do change adapter
I/RegisterService(10460): android.intent.action.PACKAGE_REMOVED package:org.umit.icm.mobile
I/RosieUtility(10252): enable self killer: mEnabled=0
D/vending ( 4992): [90] LocalAssetCache.updateOnePackage(): No local info for org.umit.icm.mobile
I/RosieUtility(10252): disable self killer: mEnabled=1
I/RosieUtility(10252): enable self killer: mEnabled=0
D/HtcWidgetScanner(10252): action - android.intent.action.PACKAGE_ADDED
I/RosieUtility(10252): disable self killer: mEnabled=1
D/HtcWidgetScanner(10252): packageUid - 10073
I/RosieUtility(10252): enable self killer: mEnabled=0
D/vicky   (10453): vicky received: android.intent.action.PACKAGE_ADDED
D/dalvikvm(  422): GC_EXPLICIT freed 839K, 44% free 6628K/11655K, external 5367K/6163K, paused 1148ms
E/ProcessKiller(   66): Process com.htc.launcher (422) has open file /mnt/asec/org.umit.icm.mobile-2/pkg.apk
D/PhoneApp(  279): EVENT_QUERY_MO_PACKAGES
D/PhoneApp(  279): -- N1 =0
D/vending ( 4992): [92] LocalAssetCache.updateOnePackage(): No local info for org.umit.icm.mobile
I/RegisterService(10460): android.intent.action.PACKAGE_ADDED package:org.umit.icm.mobile
D/PhoneApp(  279): -- N2 =0
I/RegisterService(10460): android.intent.action.PACKAGE_REPLACED package:org.umit.icm.mobile
I/PackageManager(  118):  setEnabledSetting(), pkgName=com.google.android.apps.maps, clsName=com.google.android.maps.driveabout.app.DestinationActivity, state=1, flag=1, pid=10593, uid=10054
I/ActivityManager(  118): Start proc com.google.android.googlequicksearchbox for broadcast com.google.android.googlequicksearchbox/.CorporaUpdateReceiver: pid=10690 uid=10017 gids={3003}
D/PhoneApp(  279): -- N3 =0
W/ResourceType(10616): getEntry failing because entryIndex 179 is beyond type entryCount 125
W/ResourceType(10616): Failure getting entry for 0x7f0200b3 (t=1 e=179) in package 0 (error -2147483647)
I/ActivityThread(10690): Pub com.google.android.googlequicksearchbox.google: com.google.android.googlequicksearchbox.google.GoogleSuggestionProvider
D/Database(  337): dbopen(): path = /data/data/com.google.android.gsf/databases/gls.db, flag = 6, file size = 5120
I/ActivityThread(10690): Pub com.google.android.googlequicksearchbox.shortcuts: com.google.android.googlequicksearchbox.ShortcutsProvider
D/Database(  337): dbopen(): path = /data/data/com.google.android.gsf/databases/gls.db, mode: wal, disk free size: 71 M, handle: 0x55fe78
D/AppWidgetHostView(  422): updateAppWidget mInfo = AppWidgetProviderInfo(provider=ComponentInfo{com.google.android.googlequicksearchbox/com.google.android.googlequicksearchbox.SearchWidgetProvider})
D/Socket_Alarm(10690): registerHTCSocketMonitorCallBack
D/Socket_Alarm(10690): set mSocketMonitor
D/Socket_Alarm(10690): HTCSocketMonitorImpl::HTCSocketMonitorImpl
I/installd(   75): unlink /data/dalvik-cache/mnt@asec@org.umit.icm.mobile-2@pkg.apk@classes.dex
I/PackageHelper(  118): Forcibly destroying container org.umit.icm.mobile-2
W/ResourceType(10616): getEntry failing because entryIndex 603 is beyond type entryCount 125
W/ResourceType(10616): Failure getting entry for 0x7f02025b (t=1 e=603) in package 0 (error -2147483647)
D/dalvikvm(  118): GC_EXPLICIT freed 304K, 41% free 8236K/13895K, external 667K/1179K, paused 386ms
D/VoldCmdListener(   66): asec destroy org.umit.icm.mobile-2 force
D/AndroidRuntime(10650): Shutting down VM
I/AndroidRuntime(10650): NOTE: attach of thread 'Binder Thread #3' failed
D/dalvikvm(10650): GC_CONCURRENT freed 103K, 69% free 326K/1024K, external 0K/0K, paused 2ms+2ms
D/jdwp    (10650): adbd disconnected
W/ResourceType(10616): getEntry failing because entryIndex 179 is beyond type entryCount 125
W/ResourceType(10616): Failure getting entry for 0x7f0200b3 (t=1 e=179) in package 0 (error -2147483647)
W/ResourceType(10616): getEntry failing because entryIndex 603 is beyond type entryCount 125
W/ResourceType(10616): Failure getting entry for 0x7f02025b (t=1 e=603) in package 0 (error -2147483647)
W/ResourceType(10616): getEntry failing because entryIndex 179 is beyond type entryCount 125
D/dalvikvm(10600): GC_EXPLICIT freed 7K, 40% free 4705K/7815K, external 0K/0K, paused 5256ms
W/ResourceType(10616): Failure getting entry for 0x7f0200b3 (t=1 e=179) in package 0 (error -2147483647)
W/ResourceType(10616): getEntry failing because entryIndex 603 is beyond type entryCount 125
W/ResourceType(10616): Failure getting entry for 0x7f02025b (t=1 e=603) in package 0 (error -2147483647)
W/ResourceType(10616): getEntry failing because entryIndex 179 is beyond type entryCount 125
W/ResourceType(10616): Failure getting entry for 0x7f0200b3 (t=1 e=179) in package 0 (error -2147483647)
W/ResourceType(10616): getEntry failing because entryIndex 603 is beyond type entryCount 125
W/ResourceType(10616): Failure getting entry for 0x7f02025b (t=1 e=603) in package 0 (error -2147483647)
W/ResourceType(10616): getEntry failing because entryIndex 179 is beyond type entryCount 125
W/ResourceType(10616): Failure getting entry for 0x7f0200b3 (t=1 e=179) in package 0 (error -2147483647)
W/ResourceType(10616): getEntry failing because entryIndex 603 is beyond type entryCount 125
W/ResourceType(10616): Failure getting entry for 0x7f02025b (t=1 e=603) in package 0 (error -2147483647)
W/ResourceType(10616): getEntry failing because entryIndex 179 is beyond type entryCount 125
W/ResourceType(10616): Failure getting entry for 0x7f0200b3 (t=1 e=179) in package 0 (error -2147483647)
W/ResourceType(10616): getEntry failing because entryIndex 603 is beyond type entryCount 125
W/ResourceType(10616): Failure getting entry for 0x7f02025b (t=1 e=603) in package 0 (error -2147483647)
W/Addapter(  422): info.icon:2130837552
W/Addapter(  422): info.icon:2130837559
W/Addapter(  422): info.icon:2130837529
W/ResourceType(10616): getEntry failing because entryIndex 179 is beyond type entryCount 125
W/Addapter(  422): info.icon:2130837683
W/Addapter(  422): info.icon:2130837508
W/Addapter(  422): info.icon:2130837558
W/Addapter(  422): info.icon:2130837504
W/ResourceType(10616): Failure getting entry for 0x7f0200b3 (t=1 e=179) in package 0 (error -2147483647)
W/Addapter(  422): info.icon:2130838014
W/ResourceType(10616): getEntry failing because entryIndex 603 is beyond type entryCount 125
W/Addapter(  422): info.icon:2130838077
W/Addapter(  422): info.icon:2130837627
W/ResourceType(10616): Failure getting entry for 0x7f02025b (t=1 e=603) in package 0 (error -2147483647)
W/ResourceType(10616): getEntry failing because entryIndex 179 is beyond type entryCount 125
W/ResourceType(10616): Failure getting entry for 0x7f0200b3 (t=1 e=179) in package 0 (error -2147483647)
W/ResourceType(10616): getEntry failing because entryIndex 603 is beyond type entryCount 125
W/ResourceType(10616): Failure getting entry for 0x7f02025b (t=1 e=603) in package 0 (error -2147483647)
W/ResourceType(10616): getEntry failing because entryIndex 179 is beyond type entryCount 125
W/ResourceType(10616): Failure getting entry for 0x7f0200b3 (t=1 e=179) in package 0 (error -2147483647)
W/ResourceType(10616): getEntry failing because entryIndex 603 is beyond type entryCount 125
W/ResourceType(10616): Failure getting entry for 0x7f02025b (t=1 e=603) in package 0 (error -2147483647)
W/ResourceType(10616): getEntry failing because entryIndex 179 is beyond type entryCount 125
W/ResourceType(10616): Failure getting entry for 0x7f0200b3 (t=1 e=179) in package 0 (error -2147483647)
W/ResourceType(10616): getEntry failing because entryIndex 603 is beyond type entryCount 125
W/ResourceType(10616): Failure getting entry for 0x7f02025b (t=1 e=603) in package 0 (error -2147483647)
D/dalvikvm(10616): GC_CONCURRENT freed 457K, 50% free 2918K/5831K, external 0K/0K, paused 12ms+17ms
W/Addapter(  422): info.icon:2130837552
W/Addapter(  422): info.icon:2130837559
W/Addapter(  422): info.icon:2130837529
W/Addapter(  422): info.icon:2130837683
W/Addapter(  422): info.icon:2130837508
W/Addapter(  422): info.icon:2130837558
W/Addapter(  422): info.icon:2130837504
W/Addapter(  422): info.icon:2130838014
W/Addapter(  422): info.icon:2130838077
W/Addapter(  422): info.icon:2130837627
D/dalvikvm( 8261): GC_EXPLICIT freed 6K, 47% free 3507K/6599K, external 0K/0K, paused 111ms
D/dalvikvm(10397): GC_EXPLICIT freed 2K, 49% free 2773K/5379K, external 0K/0K, paused 93ms
D/KeyguardViewMediator(  118): wakeWhenReadyLocked(26)
D/lights  (  118): set_light_buttons_func: on=7500402 brightness=114
I/power   (  118): *** set_screen_state 1
D/PowerManagerService(  118): setScreenStateLocked++, on: true, err: 0
D/SensorService(  118): enable: CM3602 Light sensor
D/SensorService(  118): SensorDevice::activate: handle = 0x4, enabled = 0x1
D/SensorService(  118): pid=118, uid=1000
D/PowerManagerService(  118): button light setOrientation:-1
D/PowerManagerService(  118): New lightsensor value:225, lcdValue:114
D/CarouselDummyActivity(  422): CarouselDummyActivity.onResume: tab_downloaded
D/William (  422): - refreshUsageStatCache -
D/AlarmManager(  118): ACTION_SCREEN_ON
W/InputManagerService(  118): Receive : Intent.ACTION_SCREEN_ON
D/InputManagerService(  118): Got RemoteException sending 'screen on/off' notification to pid 10488 uid 10073
D/UsbnetService(  118): BroadcastReceiver::onReceive+
D/UsbnetService(  118): onReceive SCREEN_ON
D/UsbnetService(  118): BroadcastReceiver::onReceive-
D/StatusBarPolicy(  265): onSignalStrengthsChanged
D/StatusBarService(  265): updateIcon slot=phone_signal index=20 viewIndex=13 old=StatusBarIcon(pkg=com.android.systemui id=0x7f0200ca level=0 visible=true num=0 ) icon=StatusBarIcon(pkg=com.android.systemui id=0x7f0200c8 level=0 visible=true num=0 )
D/ConnectivityService(  118): getMobileDataEnabled returning true
D/ConnectivityService(  118): getMobileDataEnabled returning true
D/AutoSetting(  488): service - mBroadcastReceiver: action = android.intent.action.SCREEN_ON
D/ConnectivityService(  118): getMobileDataEnabled returning true
D/ContactWidget Matrix(  422): Received intent:android.intent.action.SCREEN_ON
D/SurfaceFlinger(  118): Screen about to return, flinger = 0xb2880
D/HtcLockScreen2.0(  118): HtcLockScreen: touch action:0
W/dalvikvm(  118): disableGcForExternalAlloc: false
D/HtcLockScreen2.0(  118): HtcLockScreen: touch action:1
D/HtcLockScreen2.0(  118): HtcLockScreen: touch ACTION_UP
D/HtcLockScreen2.0(  118): HtcLockScreen: unlock condition true
W/dalvikvm(  118): disableGcForExternalAlloc: true
D/HtcLockScreen2.0(  118): HtcLockScreen: unlock animationn done
W/dalvikvm(  118): disableGcForExternalAlloc: false
W/dalvikvm(  118): disableGcForExternalAlloc: false
W/dalvikvm(  118): disableGcForExternalAlloc: false
D/StatusBarPolicy(  265): onSignalStrengthsChanged
D/StatusBarService(  265): updateIcon slot=phone_signal index=20 viewIndex=13 old=StatusBarIcon(pkg=com.android.systemui id=0x7f0200c8 level=0 visible=true num=0 ) icon=StatusBarIcon(pkg=com.android.systemui id=0x7f0200c8 level=0 visible=true num=0 )
D/PowerManagerService(  118): New lightsensor value:160, lcdValue:114
D/PowerManagerService(  118): lightSensorChangedLocked, buttonValue >= 0, mPowerState = 3
D/lights  (  118): set_light_buttons_func: on=16777215 brightness=255
D/HtcLockScreen2.0(  118): HtcLockScreen: onScreenPause
D/KeyguardViewManager(  118): hide()
D/StatusBarManagerService(  118): disable what =0, token = android.os.Binder@409b23d8, pkg = android, mBar = com.android.internal.statusbar.IStatusBar$Stub$Proxy@40771d50
D/Background traffic light(  422): traffic light: RED, mBackgroundTrafficLight = true
D/MyHTC   (  361): PoweronReceiver.onReceive(): intent=android.intent.action.USER_PRESENT
W/HtcLockScreen2.0(  118): HtcLockScreen: onWindowFocusChanged bFocus:false
D/PlurkBackgroundService(  320): receive com.htc.content.Intent.ACTION_BACKGROUND_OP_STOP
D/PlurkBackgroundService(  320): Receive a stop
D/SyncProvider(  320): match settings
D/AutoSetting(  488): service - mBroadcastReceiver: action = android.intent.action.USER_PRESENT
D/PlurkReceiver(  320): Intent.ACTION_USER_PRESENT SyncInterval=3600000,currTime=1338569671809
D/PlurkReceiver(  320): Intent.ACTION_USER_PRESENT lastStreamSyncTime=1338569671825,lastFriendSyncTime=1338569671825
D/SyncProvider(  320): match settings
D/FacebookReceiver(  320): Intent.ACTION_USER_PRESENT SyncInterval=3600000,currTime=1338569671855
D/FacebookReceiver(  320): Intent.ACTION_USER_PRESENT lastStreamSyncTime=1338567201794,lastFriendSyncTime=1338567326607
D/AutoSetting(  488): service - mBroadcastReceiver: action = com.htc.content.Intent.ACTION_BACKGROUND_OP_STOP
D/Twitter-MessageReceiver(  320): action android.intent.action.USER_PRESENT
D/InputManagerService(  118): Got RemoteException sending setActive(false) notification to pid 10488 uid 10073
W/InputManagerService(  118): [startInputLocked] Enable input method client.
D/SyncProvider(  320): match settings
D/FlickrReceiver(  320): Intent.ACTION_USER_PRESENT SyncInterval=3600000,currTime=1338569671945
D/FlickrReceiver(  320): Intent.ACTION_USER_PRESENT lastStreamSyncTime=1338569671958,lastFriendSyncTime=1338569671958
E/SurfaceFlinger(  118): layer=0x663c78 is not in the purgatory list
D/StatusBarService(  265): updateIcon slot=data_connection index=18 viewIndex=12 old=StatusBarIcon(pkg=com.android.systemui id=0x7f020073 level=0 visible=true num=0 ) icon=StatusBarIcon(pkg=com.android.systemui id=0x7f02009b level=0 visible=true num=0 )
W/IndicatorRequest(  422): The running request PersonIndicatorRequest(42) is no longer valid... requeue it!
D/DEBUG   (  422): updateCellLayoutCache(3.5555556, 3.5546875)
D/DEBUG   (  422): updateCellLayoutCache(3.5555556, 3.5546875)
D/StatusBarService(  265): updateIcon slot=data_connection index=18 viewIndex=12 old=StatusBarIcon(pkg=com.android.systemui id=0x7f02009b level=0 visible=true num=0 ) icon=StatusBarIcon(pkg=com.android.systemui id=0x7f020073 level=0 visible=true num=0 )
I/ActivityManager(  118): Starting activity: Intent { act=android.intent.action.MAIN cat=[android.intent.category.LAUNCHER] flg=0x10200000 cmp=org.umit.icm.mobile/.gui.BugReportActivity } from pid 422
V/HtcAppUsageStats(  118): handleMessage msg=1
V/HtcAppUsageStats(  118): (launch app, package): (ICM Mobile, org.umit.icm.mobile)
I/[POST_RESELECT](  422): [spanChange] (o, oldStart, newStart, oldEnd, newEnd)=(android.text.Selection$START@401033e8,-1,0,-1,0)
I/[POST_RESELECT](  422): [spanChange] (o, oldStart, newStart, oldEnd, newEnd)=(android.text.Selection$END@40140ac8,-1,0,-1,0)
I/[POST_RESELECT](  422): [spanChange] (o, oldStart, newStart, oldEnd, newEnd)=(android.text.Selection$START@401033e8,-1,0,-1,0)
I/[POST_RESELECT](  422): [spanChange] (o, oldStart, newStart, oldEnd, newEnd)=(android.text.Selection$END@40140ac8,-1,0,-1,0)
D/Background traffic light(  422): traffic light: GREEN, mBackgroundTrafficLight = false
I/ActivityManager(  118): Start proc org.umit.icm.mobile for activity org.umit.icm.mobile/.gui.BugReportActivity: pid=10710 uid=10073 gids={3003, 1015}
D/AutoSetting(  488): service - mBroadcastReceiver: action = com.htc.content.Intent.ACTION_BACKGROUND_OP_GO
D/PlurkBackgroundService(  320): receive com.htc.content.Intent.ACTION_BACKGROUND_OP_GO
D/PlurkBackgroundService(  320): Receive a go
D/SensorService(  118): enable: BMA150 3-axis Accelerometer
D/SensorService(  118): SensorDevice::activate: handle = 0x0, enabled = 0x1
D/Sensors (  118): [AkmSensor::enable] mEnabled = 0x1
D/SensorService(  118): pid=118, uid=1000
D/AK8975  (   79): Compass Start
W/dalvikvm(  422): disableGcForExternalAlloc: false
I/[POST_RESELECT](10710): [spanChange] (o, oldStart, newStart, oldEnd, newEnd)=(android.text.Selection$START@401033e8,-1,0,-1,0)
I/[POST_RESELECT](10710): [spanChange] (o, oldStart, newStart, oldEnd, newEnd)=(android.text.Selection$END@40140ac8,-1,0,-1,0)
I/[POST_RESELECT](10710): [spanChange] (o, oldStart, newStart, oldEnd, newEnd)=(android.text.Selection$START@401033e8,-1,0,-1,0)
I/[POST_RESELECT](10710): [spanChange] (o, oldStart, newStart, oldEnd, newEnd)=(android.text.Selection$END@40140ac8,-1,0,-1,0)
I/[POST_RESELECT](10710): [spanChange] (o, oldStart, newStart, oldEnd, newEnd)=(android.text.Selection$START@401033e8,-1,0,-1,0)
I/[POST_RESELECT](10710): [spanChange] (o, oldStart, newStart, oldEnd, newEnd)=(android.text.Selection$END@40140ac8,-1,0,-1,0)
W/dalvikvm(  422): disableGcForExternalAlloc: false
W/dalvikvm(  422): disableGcForExternalAlloc: false
E/SurfaceFlinger(  118): layer=0x718a68 is not in the purgatory list
D/StatusBarService(  265): updateIcon slot=data_connection index=18 viewIndex=12 old=StatusBarIcon(pkg=com.android.systemui id=0x7f020073 level=0 visible=true num=0 ) icon=StatusBarIcon(pkg=com.android.systemui id=0x7f0200a5 level=0 visible=true num=0 )
I/getLatestActivity(  422): clearResult
D/StatusBarService(  265): updateIcon slot=data_connection index=18 viewIndex=12 old=StatusBarIcon(pkg=com.android.systemui id=0x7f0200a5 level=0 visible=true num=0 ) icon=StatusBarIcon(pkg=com.android.systemui id=0x7f02009b level=0 visible=true num=0 )
I/System.out(10710): Able to ping dev.umitprojected.org
I/System.out(10710): Setting entity
I/System.out(10710): done
W/InputManagerService(  118): [unbindCurrentClientLocked] Disable input method client.
W/InputManagerService(  118): [startInputLocked] Enable input method client.
I/ActivityManager(  118): Displayed org.umit.icm.mobile/.gui.BugReportActivity: +1s723ms
E/SurfaceFlinger(  118): layer=0x719a08 is not in the purgatory list
D/StatusBarService(  265): updateIcon slot=data_connection index=18 viewIndex=12 old=StatusBarIcon(pkg=com.android.systemui id=0x7f02009b level=0 visible=true num=0 ) icon=StatusBarIcon(pkg=com.android.systemui id=0x7f020091 level=0 visible=true num=0 )
D/StatusBarService(  265): updateIcon slot=data_connection index=18 viewIndex=12 old=StatusBarIcon(pkg=com.android.systemui id=0x7f020091 level=0 visible=true num=0 ) icon=StatusBarIcon(pkg=com.android.systemui id=0x7f020073 level=0 visible=true num=0 )
E/SurfaceFlinger(  118): layer=0x3b3dc8 is not in the purgatory list
E/SurfaceFlinger(  118): layer=0x719a08 is not in the purgatory list
D/dalvikvm(  361): GC_EXPLICIT freed 2K, 51% free 2903K/5895K, external 0K/0K, paused 60ms
D/StatusBarPolicy(  265): onSignalStrengthsChanged
D/StatusBarService(  265): updateIcon slot=phone_signal index=20 viewIndex=13 old=StatusBarIcon(pkg=com.android.systemui id=0x7f0200c8 level=0 visible=true num=0 ) icon=StatusBarIcon(pkg=com.android.systemui id=0x7f0200c8 level=0 visible=true num=0 )
D/AutoSetting(  488): service - mRequestRunnable: screen on delay 10s, request NLP now
D/AutoSetting(  488): service - requestNLP() to last request within 2hrs, don't request 6129083
E/SurfaceFlinger(  118): layer=0x3b3dc8 is not in the purgatory list
I/System.out(10710): executing httppost
I/System.out(10710): done!
D/dalvikvm(10710): GC_CONCURRENT freed 143K, 47% free 3032K/5639K, external 0K/0K, paused 5ms+6ms
D/StatusBarService(  265): updateIcon slot=data_connection index=18 viewIndex=12 old=StatusBarIcon(pkg=com.android.systemui id=0x7f020073 level=0 visible=true num=0 ) icon=StatusBarIcon(pkg=com.android.systemui id=0x7f02009b level=0 visible=true num=0 )
D/StatusBarService(  265): updateIcon slot=data_connection index=18 viewIndex=12 old=StatusBarIcon(pkg=com.android.systemui id=0x7f02009b level=0 visible=true num=0 ) icon=StatusBarIcon(pkg=com.android.systemui id=0x7f020091 level=0 visible=true num=0 )
D/dalvikvm(  265): GC_CONCURRENT freed 404K, 48% free 3337K/6407K, external 114K/518K, paused 6ms+7ms
I/System.out(10710): <?xml version="1.0" encoding="UTF-8"?><issue><id>558</id><project name="Android Agent" id="7"/><tracker name="Bug" id="1"/><status name="New" id="1"/><priority name="Normal" id="4"/><author name="Anonymous" id="56"/><subject>Test</subject><description></description><start_date>2012-06-01</start_date><due_date></due_date><done_ratio>0</done_ratio><estimated_hours></estimated_hours><created_on>2012-06-01T09:54:49-07:00</created_on><updated_on>2012-06-01T09:54:49-07:00</updated_on></issue>
E/SurfaceFlinger(  118): layer=0x719a08 is not in the purgatory list
D/StatusBarService(  265): updateIcon slot=data_connection index=18 viewIndex=12 old=StatusBarIcon(pkg=com.android.systemui id=0x7f020091 level=0 visible=true num=0 ) icon=StatusBarIcon(pkg=com.android.systemui id=0x7f02009b level=0 visible=true num=0 )
D/dalvikvm(  320): GC_EXPLICIT freed 32K, 74% free 3717K/13767K, external 0K/0K, paused 76ms
I/WindowManager(  118): Setting rotation to 1, animFlags=0
I/SurfaceFlinger(  118): SurfaceFlinger::setOrientation
D/PowerManagerService(  118): button light setOrientation:1
E/SurfaceFlinger(  118): layer=0x3b3dc8 is not in the purgatory list
I/ActivityManager(  118): Config changed: { scale=1.0 imsi=404/49 loc=en_IN touch=3 keys=1/1/2 nav=1/1 orien=2 layout=18 uiMode=17 seq=57 skin=default}
D/StatusBarPolicy(  265): onSignalStrengthsChanged
D/StatusBarService(  265): updateIcon slot=phone_signal index=20 viewIndex=13 old=StatusBarIcon(pkg=com.android.systemui id=0x7f0200c8 level=0 visible=true num=0 ) icon=StatusBarIcon(pkg=com.android.systemui id=0x7f0200c8 level=0 visible=true num=0 )
I/[POST_RESELECT](10710): [spanChange] (o, oldStart, newStart, oldEnd, newEnd)=(android.text.Selection$START@401033e8,-1,0,-1,0)
I/[POST_RESELECT](10710): [spanChange] (o, oldStart, newStart, oldEnd, newEnd)=(android.text.Selection$END@40140ac8,-1,0,-1,0)
I/[POST_RESELECT](10710): [spanChange] (o, oldStart, newStart, oldEnd, newEnd)=(android.text.Selection$START@401033e8,-1,0,-1,0)
I/[POST_RESELECT](10710): [spanChange] (o, oldStart, newStart, oldEnd, newEnd)=(android.text.Selection$END@40140ac8,-1,0,-1,0)
I/[POST_RESELECT](10710): [spanChange] (o, oldStart, newStart, oldEnd, newEnd)=(android.text.Selection$START@401033e8,-1,0,-1,0)
I/[POST_RESELECT](10710): [spanChange] (o, oldStart, newStart, oldEnd, newEnd)=(android.text.Selection$END@40140ac8,-1,0,-1,0)
E/NotificationService(  118): adbEnabled = false
E/SurfaceFlinger(  118): layer=0x663c78 is not in the purgatory list
V/NotificationService(  118): Battery Full, Charging
D/lights  (  118): [LedInfo] write attr ok name=/sys/class/leds/amber/brightness string=0,len=1
D/lights  (  118): [LedInfo] write attr ok name=/sys/class/leds/amber/blink string=0,len=1
D/lights  (  118): [LedInfo] write attr ok name=/sys/class/leds/amber/off_timer string=0 0,len=3
D/lights  (  118): [LedInfo] write attr ok name=/sys/class/leds/green/brightness string=1,len=1
D/lights  (  118): [LedInfo] write attr ok name=/sys/class/leds/green/blink string=0,len=1
D/lights  (  118): [LedInfo] write attr ok name=/sys/class/leds/green/off_timer string=0 0,len=3
E/NotificationService(  118): adbEnabled = true
D/NotificationService(  118): cancelNotification, ACTION_NOTIFICATION_REMOVE,pkg=android,id=17040240
I/[POST_RESELECT](10710): [spanChange] (o, oldStart, newStart, oldEnd, newEnd)=(android.text.Selection$START@401033e8,-1,0,-1,0)
I/[POST_RESELECT](10710): [spanChange] (o, oldStart, newStart, oldEnd, newEnd)=(android.text.Selection$END@40140ac8,-1,0,-1,0)
I/[POST_RESELECT](10710): [spanChange] (o, oldStart, newStart, oldEnd, newEnd)=(android.text.Selection$START@401033e8,-1,0,-1,0)
I/[POST_RESELECT](10710): [spanChange] (o, oldStart, newStart, oldEnd, newEnd)=(android.text.Selection$END@40140ac8,-1,0,-1,0)
I/[POST_RESELECT](10710): [spanChange] (o, oldStart, newStart, oldEnd, newEnd)=(android.text.Selection$START@401033e8,-1,0,-1,0)
I/[POST_RESELECT](10710): [spanChange] (o, oldStart, newStart, oldEnd, newEnd)=(android.text.Selection$END@40140ac8,-1,0,-1,0)
D/StatusBarService(  265): addNotification notification = StatusBarNotification(package=android id=17040240 tag=null notification=Notification(vibrate=null,sound=null,defaults=0x0,flags=0x2)), key = android.os.BinderProxy@40549240, fullScreenIntent = null, contentIntent = PendingIntent{405bd980: android.os.BinderProxy@405af348}
D/StatusBarService(  265): updateIcon slot=data_connection index=18 viewIndex=12 old=StatusBarIcon(pkg=com.android.systemui id=0x7f02009b level=0 visible=true num=0 ) icon=StatusBarIcon(pkg=com.android.systemui id=0x7f020073 level=0 visible=true num=0 )
I/System.out(10710): Able to ping dev.umitprojected.org
I/System.out(10710): Setting entity
I/System.out(10710): done
I/[POST_RESELECT](10710): [spanChange] (o, oldStart, newStart, oldEnd, newEnd)=(android.text.Selection$START@401033e8,-1,0,-1,0)
I/[POST_RESELECT](10710): [spanChange] (o, oldStart, newStart, oldEnd, newEnd)=(android.text.Selection$END@40140ac8,-1,0,-1,0)
I/[POST_RESELECT](10710): [spanChange] (o, oldStart, newStart, oldEnd, newEnd)=(android.text.Selection$START@401033e8,-1,0,-1,0)
I/[POST_RESELECT](10710): [spanChange] (o, oldStart, newStart, oldEnd, newEnd)=(android.text.Selection$END@40140ac8,-1,0,-1,0)
I/[POST_RESELECT](10710): [spanChange] (o, oldStart, newStart, oldEnd, newEnd)=(android.text.Selection$START@401033e8,-1,0,-1,0)
I/[POST_RESELECT](10710): [spanChange] (o, oldStart, newStart, oldEnd, newEnd)=(android.text.Selection$END@40140ac8,-1,0,-1,0)
E/SurfaceFlinger(  118): layer=0x719a08 is not in the purgatory list
D/StatusBarService(  265): updateIcon slot=data_connection index=18 viewIndex=12 old=StatusBarIcon(pkg=com.android.systemui id=0x7f020073 level=0 visible=true num=0 ) icon=StatusBarIcon(pkg=com.android.systemui id=0x7f020091 level=0 visible=true num=0 )
D/StatusBarPolicy(  265): onSignalStrengthsChanged
D/StatusBarService(  265): updateIcon slot=phone_signal index=20 viewIndex=13 old=StatusBarIcon(pkg=com.android.systemui id=0x7f0200c8 level=0 visible=true num=0 ) icon=StatusBarIcon(pkg=com.android.systemui id=0x7f0200ca level=0 visible=true num=0 )
D/StatusBarService(  265): updateIcon slot=data_connection index=18 viewIndex=12 old=StatusBarIcon(pkg=com.android.systemui id=0x7f020091 level=0 visible=true num=0 ) icon=StatusBarIcon(pkg=com.android.systemui id=0x7f020073 level=0 visible=true num=0 )
E/SurfaceFlinger(  118): layer=0x3b3dc8 is not in the purgatory list
E/SurfaceFlinger(  118): layer=0x7611d8 is not in the purgatory list
D/dalvikvm(  488): GC_EXPLICIT freed 39K, 62% free 3345K/8647K, external 0K/0K, paused 110ms
E/SurfaceFlinger(  118): layer=0x3b3dc8 is not in the purgatory list
D/dalvikvm(  118): GC_EXPLICIT freed 497K, 42% free 8189K/13895K, external 667K/1179K, paused 165ms
D/dalvikvm( 7015): GC_EXPLICIT freed 119K, 44% free 5753K/10247K, external 217K/723K, paused 104ms
D/dalvikvm(  422): GC_EXPLICIT freed 514K, 43% free 6674K/11655K, external 5358K/6163K, paused 155ms
D/dalvikvm(10593): GC_EXPLICIT freed 16K, 43% free 3490K/6087K, external 0K/0K, paused 67ms
D/dalvikvm(10616): GC_EXPLICIT freed 64K, 51% free 2862K/5831K, external 0K/0K, paused 61ms
D/lights  (  118): set_light_buttons_func: on=7500402 brightness=114
D/lights  (  118): set_light_buttons_func: on=16777215 brightness=255
I/power   (  118): *** set_screen_state 0
D/PowerManagerService(  118): setScreenStateLocked++, on: false, err: 0
D/SensorService(  118): disable: CM3602 Light sensor
D/SensorService(  118): SensorDevice::activate: handle = 0x4, enabled = 0x0
D/SensorService(  118): pid=118, uid=1000
D/PowerManagerService(  118): setScreenStateLocked, turn off the button light 
D/lights  (  118): set_light_buttons_func: on=0 brightness=0
V/KeyguardViewMediator(  118): password timeout delay 254960ms
D/KeyguardViewManager(  118): show(); mKeyguardView==com.android.internal.policy.impl.LockPatternKeyguardView@4097edf0
D/HtcLockScreen(  118): createPatternUnlockScreen() ...
D/HtcLockScreen(  118): packageInfo - PackageInfo{40ab5f60 com.htc.lockscreen}
D/SurfaceFlinger(  118): About to give-up screen, flinger = 0xb2880
D/HtcLockScreen2.0(  118): UnlockScreen: UnlockScreen() ctor: totalFailedAttempts=0, mFailedPat...=0
D/SensorService(  118): disable: BMA150 3-axis Accelerometer
D/SensorService(  118): SensorDevice::activate: handle = 0x0, enabled = 0x0
D/Sensors (  118): [AkmSensor::enable] mEnabled = 0x0
D/SensorService(  118): pid=118, uid=1000
I/[POST_RESELECT](10710): [spanChange] (o, oldStart, newStart, oldEnd, newEnd)=(android.text.Selection$START@401033e8,-1,0,-1,0)
I/[POST_RESELECT](10710): [spanChange] (o, oldStart, newStart, oldEnd, newEnd)=(android.text.Selection$END@40140ac8,-1,0,-1,0)
I/[POST_RESELECT](10710): [spanChange] (o, oldStart, newStart, oldEnd, newEnd)=(android.text.Selection$START@401033e8,-1,0,-1,0)
I/[POST_RESELECT](10710): [spanChange] (o, oldStart, newStart, oldEnd, newEnd)=(android.text.Selection$END@40140ac8,-1,0,-1,0)
I/[POST_RESELECT](10710): [spanChange] (o, oldStart, newStart, oldEnd, newEnd)=(android.text.Selection$START@401033e8,-1,0,-1,0)
I/[POST_RESELECT](10710): [spanChange] (o, oldStart, newStart, oldEnd, newEnd)=(android.text.Selection$END@40140ac8,-1,0,-1,0)
D/AlarmManager(  118): ACTION_SCREEN_OFF
W/InputManagerService(  118): Receive : Intent.ACTION_SCREEN_OFF
D/UsbnetService(  118): BroadcastReceiver::onReceive+
W/InputManagerService(  118): Disable input method client.
D/UsbnetService(  118): onReceive SCREEN_OFF
D/HtcLockScreen2.0(  118): UnlockScreen: setEnableFallback(true)
D/ContactMessageStore(  279): start background delete task...
D/HtcLockScreen2.0(  118): HtcLockScreen: onScreenRestart
D/AK8975  (   79): Compass CLOSE 
D/StatusBarManagerService(  118): disable what =1, token = android.os.Binder@409b23d8, pkg = android, mBar = com.android.internal.statusbar.IStatusBar$Stub$Proxy@40771d50
D/ConnectivityService(  118): getMobileDataEnabled returning true
D/ConnectivityService(  118): getMobileDataEnabled returning true
D/ConnectivityService(  118): getMobileDataEnabled returning true
I/WindowManager(  118): Setting rotation to 0, animFlags=1
I/SurfaceFlinger(  118): SurfaceFlinger::setOrientation
D/PowerManagerService(  118): button light setOrientation:0
D/AutoSetting(  488): service - mBroadcastReceiver: action = android.intent.action.SCREEN_OFF
D/AutoSetting(  488): service - mBroadcastReceiver: remove all retry messages
D/AutoSetting(  488): service - mHandler: cancel location update
D/AutoSetting(  488): service -           changes count: 0
D/AutoSetting(  488): service - notifyErrorMessage() notification disabled, error:2
I/ActivityManager(  118): Config changed: { scale=1.0 imsi=404/49 loc=en_IN touch=3 keys=1/1/2 nav=1/1 orien=1 layout=18 uiMode=17 seq=58 skin=default}
I/[POST_RESELECT](10710): [spanChange] (o, oldStart, newStart, oldEnd, newEnd)=(android.text.Selection$START@401033e8,-1,0,-1,0)
I/[POST_RESELECT](10710): [spanChange] (o, oldStart, newStart, oldEnd, newEnd)=(android.text.Selection$END@40140ac8,-1,0,-1,0)
E/NotificationService(  118): adbEnabled = false
D/lights  (  118): [LedInfo] write attr ok name=/sys/class/leds/amber/brightness string=0,len=1
D/lights  (  118): [LedInfo] write attr ok name=/sys/class/leds/amber/blink string=0,len=1
D/lights  (  118): [LedInfo] write attr ok name=/sys/class/leds/amber/off_timer string=0 0,len=3
D/lights  (  118): [LedInfo] write attr ok name=/sys/class/leds/green/brightness string=1,len=1
V/NotificationService(  118): Battery Full, Charging
D/lights  (  118): [LedInfo] write attr ok name=/sys/class/leds/green/blink string=0,len=1
D/lights  (  118): [LedInfo] write attr ok name=/sys/class/leds/green/off_timer string=0 0,len=3
E/NotificationService(  118): adbEnabled = true
D/NotificationService(  118): cancelNotification, ACTION_NOTIFICATION_REMOVE,pkg=android,id=17040240
I/[POST_RESELECT](10710): [spanChange] (o, oldStart, newStart, oldEnd, newEnd)=(android.text.Selection$START@401033e8,-1,0,-1,0)
I/[POST_RESELECT](10710): [spanChange] (o, oldStart, newStart, oldEnd, newEnd)=(android.text.Selection$END@40140ac8,-1,0,-1,0)
I/[POST_RESELECT](10710): [spanChange] (o, oldStart, newStart, oldEnd, newEnd)=(android.text.Selection$START@401033e8,-1,0,-1,0)
I/[POST_RESELECT](10710): [spanChange] (o, oldStart, newStart, oldEnd, newEnd)=(android.text.Selection$END@40140ac8,-1,0,-1,0)
D/HtcLockScreen(  118): createPatternUnlockScreen() ...
D/HtcLockScreen(  118): packageInfo - PackageInfo{40a6b3c8 com.htc.lockscreen}
D/HtcLockScreen2.0(  118): UnlockScreen: UnlockScreen() ctor: totalFailedAttempts=0, mFailedPat...=0
D/StatusBarService(  265): addNotification notification = StatusBarNotification(package=android id=17040240 tag=null notification=Notification(vibrate=null,sound=null,defaults=0x0,flags=0x2)), key = android.os.BinderProxy@40640240, fullScreenIntent = null, contentIntent = PendingIntent{405f1ba0: android.os.BinderProxy@405af348}
D/HtcLockScreen2.0(  118): UnlockScreen: setEnableFallback(true)
W/HtcLockScreen2.0(  118): HtcLockScreen: onWindowFocusChanged bFocus:true
D/Background traffic light(  422): traffic light: GREEN, mBackgroundTrafficLight = true
D/ContactMessageStore(  279): size: 0 , 0
D/ContactWidget Matrix(  422): Received intent:android.intent.action.SCREEN_OFF
D/ContactMessageStore(  279): Background delete complete
V/SyncManager(  118): runstateidle: nonHTCActiveCount++ :1
I/System.out(10710): Able to ping dev.umitprojected.org
I/System.out(10710): Setting entity
I/System.out(10710): done
I/[POST_RESELECT](10710): [spanChange] (o, oldStart, newStart, oldEnd, newEnd)=(android.text.Selection$START@401033e8,-1,0,-1,0)
I/[POST_RESELECT](10710): [spanChange] (o, oldStart, newStart, oldEnd, newEnd)=(android.text.Selection$END@40140ac8,-1,0,-1,0)
I/[POST_RESELECT](10710): [spanChange] (o, oldStart, newStart, oldEnd, newEnd)=(android.text.Selection$START@401033e8,-1,0,-1,0)
I/[POST_RESELECT](10710): [spanChange] (o, oldStart, newStart, oldEnd, newEnd)=(android.text.Selection$END@40140ac8,-1,0,-1,0)
I/[POST_RESELECT](10710): [spanChange] (o, oldStart, newStart, oldEnd, newEnd)=(android.text.Selection$START@401033e8,-1,0,-1,0)
I/[POST_RESELECT](10710): [spanChange] (o, oldStart, newStart, oldEnd, newEnd)=(android.text.Selection$END@40140ac8,-1,0,-1,0)
D/dalvikvm(  118): GC_EXPLICIT freed 291K, 42% free 8175K/13895K, external 667K/1179K, paused 303ms
D/dalvikvm(  638): GC_EXPLICIT freed 65K, 44% free 3572K/6279K, external 143K/537K, paused 119ms
D/dalvikvm( 8261): GC_EXPLICIT freed 3K, 47% free 3507K/6599K, external 0K/0K, paused 110ms
